Processing mesh: 27 reservoir blocks, 4 well blocks, 58 connections
Linear solver type is gmres+cpr
Engine: 	2-phase 3-component isothermal flow with kinetic reaction and diffusion CPU engine
OpenMP threads: 	2

START SIMULATION
-------------------------------------------------------------------------------------------------------------
Well INJ initialized with phase 1 molar rate-control
Well PROD initialized with BHP-control
	 #1 (3.0482e-08, 3.6479e+03): lin 2 (9.8e-12)
	 #2 (2.2230e-09, 1.8731e-01): lin 3 (4.3e-13)
-------------------------------------------------------------------------------------------------------------
 T = 1e-06, DT = 1e-06, NI = 2, LI = 5, RES = 3.3e-16 (1.3e-08), CFL=0.000 (ELAPSED 00:00:00 )
-------------------------------------------------------------------------------------------------------------
	 #1 (8.9508e-06, 5.4501e-05): lin 6 (3.0e-12)
-------------------------------------------------------------------------------------------------------------
 T = 2.5e-06, DT = 1.5e-06, NI = 1, LI = 6, RES = 5.3e-11 (5.7e-08), CFL=0.000 (ELAPSED 00:00:00 )
-------------------------------------------------------------------------------------------------------------
	 #1 (9.4060e-06, 1.4057e-05): lin 6 (4.9e-13)
-------------------------------------------------------------------------------------------------------------
 T = 4.75e-06, DT = 2.25e-06, NI = 1, LI = 6, RES = 2.7e-11 (5.0e-08), CFL=0.000 (ELAPSED 00:00:00 )
-------------------------------------------------------------------------------------------------------------
	 #1 (1.1711e-05, 1.0654e-05): lin 6 (1.1e-12)
-------------------------------------------------------------------------------------------------------------
 T = 8.125e-06, DT = 3.375e-06, NI = 1, LI = 6, RES = 4.2e-11 (3.5e-08), CFL=0.000 (ELAPSED 00:00:00 )
-------------------------------------------------------------------------------------------------------------
	 #1 (1.3950e-05, 1.1242e-05): lin 10 (3.9e-12)
-------------------------------------------------------------------------------------------------------------
 T = 1.31875e-05, DT = 5.0625e-06, NI = 1, LI = 10, RES = 7.2e-11 (9.3e-09), CFL=0.000 (ELAPSED 00:00:00 )
-------------------------------------------------------------------------------------------------------------
	 #1 (1.5092e-05, 1.1893e-05): lin 7 (7.3e-12)
-------------------------------------------------------------------------------------------------------------
 T = 2.07813e-05, DT = 7.59375e-06, NI = 1, LI = 7, RES = 9.7e-11 (3.7e-08), CFL=0.000 (ELAPSED 00:00:00 )
-------------------------------------------------------------------------------------------------------------
	 #1 (1.4330e-05, 1.1255e-05): lin 7 (7.8e-12)
-------------------------------------------------------------------------------------------------------------
 T = 3.21719e-05, DT = 1.13906e-05, NI = 1, LI = 7, RES = 9.3e-11 (5.4e-08), CFL=0.001 (ELAPSED 00:00:00 )
-------------------------------------------------------------------------------------------------------------
	 #1 (1.1497e-05, 9.0265e-06): lin 9 (9.9e-13)
-------------------------------------------------------------------------------------------------------------
 T = 4.92578e-05, DT = 1.70859e-05, NI = 1, LI = 9, RES = 5.9e-11 (7.1e-09), CFL=0.001 (ELAPSED 00:00:00 )
-------------------------------------------------------------------------------------------------------------
	 #1 (7.4835e-06, 5.8751e-06): lin 7 (1.0e-12)
-------------------------------------------------------------------------------------------------------------
 T = 7.48867e-05, DT = 2.56289e-05, NI = 1, LI = 7, RES = 2.3e-11 (9.0e-09), CFL=0.001 (ELAPSED 00:00:00 )
-------------------------------------------------------------------------------------------------------------
	 #1 (3.7965e-06, 2.9805e-06): lin 7 (1.3e-12)
-------------------------------------------------------------------------------------------------------------
 T = 0.00011333, DT = 3.84434e-05, NI = 1, LI = 7, RES = 5.0e-12 (1.6e-08), CFL=0.002 (ELAPSED 00:00:00 )
-------------------------------------------------------------------------------------------------------------
	 #1 (1.4472e-06, 1.1362e-06): lin 7 (1.5e-12)
-------------------------------------------------------------------------------------------------------------
 T = 0.000170995, DT = 5.7665e-05, NI = 1, LI = 7, RES = 5.8e-13 (3.7e-09), CFL=0.003 (ELAPSED 00:00:00 )
-------------------------------------------------------------------------------------------------------------
	 #1 (4.0179e-07, 3.1546e-07): lin 15 (7.9e-13)
-------------------------------------------------------------------------------------------------------------
 T = 0.000257493, DT = 8.64976e-05, NI = 1, LI = 15, RES = 3.4e-14 (5.8e-09), CFL=0.005 (ELAPSED 00:00:00 )
-------------------------------------------------------------------------------------------------------------
	 #1 (7.9260e-08, 6.2493e-08): lin 8 (4.3e-11) NC
-------------------------------------------------------------------------------------------------------------
 T = 0.000387239, DT = 0.000129746, NI = 1, LI = 8, RES = 9.5e-16 (2.4e-09), CFL=0.007 (ELAPSED 00:00:00 )
-------------------------------------------------------------------------------------------------------------
	 #1 (1.0901e-08, 8.8815e-09): lin 9 (3.9e-11) NC
-------------------------------------------------------------------------------------------------------------
 T = 0.000581859, DT = 0.00019462, NI = 1, LI = 9, RES = 4.1e-16 (1.0e-08), CFL=0.011 (ELAPSED 00:00:00 )
-------------------------------------------------------------------------------------------------------------
	 #1 (1.0311e-09, 9.9992e-09): lin 9 (1.2e-12)
-------------------------------------------------------------------------------------------------------------
 T = 0.000873788, DT = 0.000291929, NI = 1, LI = 9, RES = 7.6e-16 (3.9e-09), CFL=0.016 (ELAPSED 00:00:00 )
-------------------------------------------------------------------------------------------------------------
	 #1 (6.6413e-11, 3.9382e-09): lin 7 (9.8e-09) NC
-------------------------------------------------------------------------------------------------------------
 T = 0.00131168, DT = 0.000437894, NI = 1, LI = 7, RES = 1.1e-15 (4.5e-09), CFL=0.024 (ELAPSED 00:00:00 )
-------------------------------------------------------------------------------------------------------------
	 #1 (2.8932e-12, 4.5438e-09): lin 5 (5.6e-12)
-------------------------------------------------------------------------------------------------------------
 T = 0.00196852, DT = 0.000656841, NI = 1, LI = 5, RES = 1.1e-15 (5.1e-08), CFL=0.036 (ELAPSED 00:00:00 )
-------------------------------------------------------------------------------------------------------------
	 #1 (8.4886e-14, 5.1306e-08): lin 4 (1.9e-12)
-------------------------------------------------------------------------------------------------------------
 T = 0.00295378, DT = 0.000985261, NI = 1, LI = 4, RES = 1.8e-15 (4.6e-09), CFL=0.054 (ELAPSED 00:00:00 )
-------------------------------------------------------------------------------------------------------------
	 #1 (3.1130e-15, 4.5627e-09): lin 4 (4.5e-13)
-------------------------------------------------------------------------------------------------------------
 T = 0.00443168, DT = 0.00147789, NI = 1, LI = 4, RES = 3.1e-15 (5.1e-08), CFL=0.081 (ELAPSED 00:00:00 )
-------------------------------------------------------------------------------------------------------------
	 #1 (4.5791e-15, 5.1306e-08): lin 4 (1.4e-13)
-------------------------------------------------------------------------------------------------------------
 T = 0.00664851, DT = 0.00221684, NI = 1, LI = 4, RES = 3.5e-15 (4.6e-09), CFL=0.122 (ELAPSED 00:00:00 )
-------------------------------------------------------------------------------------------------------------
	 #1 (5.3227e-15, 4.5669e-09): lin 4 (2.8e-12)
-------------------------------------------------------------------------------------------------------------
 T = 0.00997377, DT = 0.00332526, NI = 1, LI = 4, RES = 5.3e-15 (4.6e-09), CFL=0.183 (ELAPSED 00:00:00 )
-------------------------------------------------------------------------------------------------------------
	 #1 (7.9814e-15, 4.5734e-09): lin 4 (4.0e-12)
-------------------------------------------------------------------------------------------------------------
 T = 0.0149617, DT = 0.00498789, NI = 1, LI = 4, RES = 8.0e-15 (4.6e-09), CFL=0.275 (ELAPSED 00:00:00 )
-------------------------------------------------------------------------------------------------------------
	 #1 (1.1985e-14, 4.5881e-09): lin 4 (6.2e-12)
-------------------------------------------------------------------------------------------------------------
 T = 0.0224435, DT = 0.00748183, NI = 1, LI = 4, RES = 1.2e-14 (4.6e-09), CFL=0.412 (ELAPSED 00:00:00 )
-------------------------------------------------------------------------------------------------------------
	 #1 (1.7948e-14, 4.6209e-09): lin 4 (9.2e-12)
-------------------------------------------------------------------------------------------------------------
 T = 0.0336662, DT = 0.0112227, NI = 1, LI = 4, RES = 1.8e-14 (4.6e-09), CFL=0.618 (ELAPSED 00:00:00 )
-------------------------------------------------------------------------------------------------------------
	 #1 (2.6753e-14, 4.6939e-09): lin 5 (4.0e-14)
-------------------------------------------------------------------------------------------------------------
 T = 0.0505003, DT = 0.0168341, NI = 1, LI = 5, RES = 2.7e-14 (4.7e-09), CFL=0.927 (ELAPSED 00:00:00 )
-------------------------------------------------------------------------------------------------------------
	 #1 (3.1770e-14, 4.7473e-09): lin 5 (4.8e-14)
-------------------------------------------------------------------------------------------------------------
 T = 0.0705003, DT = 0.02, NI = 1, LI = 5, RES = 3.2e-14 (4.7e-09), CFL=1.101 (ELAPSED 00:00:00 )
-------------------------------------------------------------------------------------------------------------
	 #1 (3.1777e-14, 4.7473e-09): lin 5 (4.8e-14)
-------------------------------------------------------------------------------------------------------------
 T = 0.0905003, DT = 0.02, NI = 1, LI = 5, RES = 3.2e-14 (4.7e-09), CFL=1.101 (ELAPSED 00:00:00 )
-------------------------------------------------------------------------------------------------------------
	 #1 (3.1770e-14, 4.7473e-09): lin 5 (4.8e-14)
-------------------------------------------------------------------------------------------------------------
 T = 0.1105, DT = 0.02, NI = 1, LI = 5, RES = 3.2e-14 (4.7e-09), CFL=1.101 (ELAPSED 00:00:00 )
-------------------------------------------------------------------------------------------------------------
	 #1 (3.1770e-14, 4.7473e-09): lin 5 (4.8e-14)
-------------------------------------------------------------------------------------------------------------
 T = 0.1305, DT = 0.02, NI = 1, LI = 5, RES = 3.2e-14 (4.7e-09), CFL=1.101 (ELAPSED 00:00:00 )
-------------------------------------------------------------------------------------------------------------
	 #1 (3.1770e-14, 4.7473e-09): lin 5 (4.8e-14)
-------------------------------------------------------------------------------------------------------------
 T = 0.1505, DT = 0.02, NI = 1, LI = 5, RES = 3.2e-14 (4.7e-09), CFL=1.101 (ELAPSED 00:00:00 )
-------------------------------------------------------------------------------------------------------------
	 #1 (3.1770e-14, 4.7473e-09): lin 5 (4.8e-14)
-------------------------------------------------------------------------------------------------------------
 T = 0.1705, DT = 0.02, NI = 1, LI = 5, RES = 3.2e-14 (4.7e-09), CFL=1.101 (ELAPSED 00:00:00 )
-------------------------------------------------------------------------------------------------------------
	 #1 (3.1770e-14, 4.7473e-09): lin 5 (4.8e-14)
-------------------------------------------------------------------------------------------------------------
 T = 0.1905, DT = 0.02, NI = 1, LI = 5, RES = 3.2e-14 (4.7e-09), CFL=1.101 (ELAPSED 00:00:00 )
-------------------------------------------------------------------------------------------------------------
	 #1 (3.1770e-14, 4.7473e-09): lin 5 (4.8e-14)
-------------------------------------------------------------------------------------------------------------
 T = 0.2105, DT = 0.02, NI = 1, LI = 5, RES = 3.2e-14 (4.7e-09), CFL=1.101 (ELAPSED 00:00:00 )
-------------------------------------------------------------------------------------------------------------
	 #1 (3.1770e-14, 4.7473e-09): lin 5 (4.8e-14)
-------------------------------------------------------------------------------------------------------------
 T = 0.2305, DT = 0.02, NI = 1, LI = 5, RES = 3.2e-14 (4.7e-09), CFL=1.101 (ELAPSED 00:00:00 )
-------------------------------------------------------------------------------------------------------------
	 #1 (3.1770e-14, 4.7473e-09): lin 5 (4.8e-14)
-------------------------------------------------------------------------------------------------------------
 T = 0.2505, DT = 0.02, NI = 1, LI = 5, RES = 3.2e-14 (4.7e-09), CFL=1.101 (ELAPSED 00:00:00 )
-------------------------------------------------------------------------------------------------------------
	 #1 (3.1770e-14, 4.7473e-09): lin 5 (4.8e-14)
-------------------------------------------------------------------------------------------------------------
 T = 0.2705, DT = 0.02, NI = 1, LI = 5, RES = 3.2e-14 (4.7e-09), CFL=1.101 (ELAPSED 00:00:00 )
-------------------------------------------------------------------------------------------------------------
	 #1 (3.1770e-14, 4.7473e-09): lin 5 (4.8e-14)
-------------------------------------------------------------------------------------------------------------
 T = 0.2905, DT = 0.02, NI = 1, LI = 5, RES = 3.2e-14 (4.7e-09), CFL=1.101 (ELAPSED 00:00:00 )
-------------------------------------------------------------------------------------------------------------
	 #1 (3.1770e-14, 4.7473e-09): lin 5 (4.8e-14)
-------------------------------------------------------------------------------------------------------------
 T = 0.3105, DT = 0.02, NI = 1, LI = 5, RES = 3.2e-14 (4.7e-09), CFL=1.101 (ELAPSED 00:00:00 )
-------------------------------------------------------------------------------------------------------------
	 #1 (3.1770e-14, 4.7473e-09): lin 5 (4.8e-14)
-------------------------------------------------------------------------------------------------------------
 T = 0.3305, DT = 0.02, NI = 1, LI = 5, RES = 3.2e-14 (4.7e-09), CFL=1.101 (ELAPSED 00:00:00 )
-------------------------------------------------------------------------------------------------------------
	 #1 (3.1770e-14, 4.7473e-09): lin 5 (4.8e-14)
-------------------------------------------------------------------------------------------------------------
 T = 0.3505, DT = 0.02, NI = 1, LI = 5, RES = 3.2e-14 (4.7e-09), CFL=1.101 (ELAPSED 00:00:00 )
-------------------------------------------------------------------------------------------------------------
	 #1 (3.1770e-14, 4.7473e-09): lin 5 (4.8e-14)
-------------------------------------------------------------------------------------------------------------
 T = 0.3705, DT = 0.02, NI = 1, LI = 5, RES = 3.2e-14 (4.7e-09), CFL=1.101 (ELAPSED 00:00:00 )
-------------------------------------------------------------------------------------------------------------
	 #1 (3.1770e-14, 4.7473e-09): lin 5 (4.8e-14)
-------------------------------------------------------------------------------------------------------------
 T = 0.3905, DT = 0.02, NI = 1, LI = 5, RES = 3.2e-14 (4.7e-09), CFL=1.101 (ELAPSED 00:00:00 )
-------------------------------------------------------------------------------------------------------------
	 #1 (3.1770e-14, 4.7473e-09): lin 5 (4.8e-14)
-------------------------------------------------------------------------------------------------------------
 T = 0.4105, DT = 0.02, NI = 1, LI = 5, RES = 3.2e-14 (4.7e-09), CFL=1.101 (ELAPSED 00:00:00 )
-------------------------------------------------------------------------------------------------------------
	 #1 (3.1770e-14, 4.7473e-09): lin 5 (4.8e-14)
-------------------------------------------------------------------------------------------------------------
 T = 0.4305, DT = 0.02, NI = 1, LI = 5, RES = 3.2e-14 (4.7e-09), CFL=1.101 (ELAPSED 00:00:00 )
-------------------------------------------------------------------------------------------------------------
	 #1 (3.1770e-14, 4.7473e-09): lin 5 (4.8e-14)
-------------------------------------------------------------------------------------------------------------
 T = 0.4505, DT = 0.02, NI = 1, LI = 5, RES = 3.2e-14 (4.7e-09), CFL=1.101 (ELAPSED 00:00:00 )
-------------------------------------------------------------------------------------------------------------
	 #1 (3.1770e-14, 4.7473e-09): lin 5 (4.8e-14)
-------------------------------------------------------------------------------------------------------------
 T = 0.4705, DT = 0.02, NI = 1, LI = 5, RES = 3.2e-14 (4.7e-09), CFL=1.101 (ELAPSED 00:00:00 )
-------------------------------------------------------------------------------------------------------------
	 #1 (3.1770e-14, 4.7473e-09): lin 5 (4.8e-14)
-------------------------------------------------------------------------------------------------------------
 T = 0.4905, DT = 0.02, NI = 1, LI = 5, RES = 3.2e-14 (4.7e-09), CFL=1.101 (ELAPSED 00:00:00 )
-------------------------------------------------------------------------------------------------------------
	 #1 (3.1770e-14, 4.7473e-09): lin 5 (4.8e-14)
-------------------------------------------------------------------------------------------------------------
 T = 0.5105, DT = 0.02, NI = 1, LI = 5, RES = 3.2e-14 (4.7e-09), CFL=1.101 (ELAPSED 00:00:00 )
-------------------------------------------------------------------------------------------------------------
	 #1 (3.1770e-14, 4.7473e-09): lin 5 (4.8e-14)
-------------------------------------------------------------------------------------------------------------
 T = 0.5305, DT = 0.02, NI = 1, LI = 5, RES = 3.2e-14 (4.7e-09), CFL=1.101 (ELAPSED 00:00:00 )
-------------------------------------------------------------------------------------------------------------
	 #1 (3.1770e-14, 4.7473e-09): lin 5 (4.8e-14)
-------------------------------------------------------------------------------------------------------------
 T = 0.5505, DT = 0.02, NI = 1, LI = 5, RES = 3.2e-14 (4.7e-09), CFL=1.101 (ELAPSED 00:00:00 )
-------------------------------------------------------------------------------------------------------------
	 #1 (3.1770e-14, 4.7473e-09): lin 5 (4.8e-14)
-------------------------------------------------------------------------------------------------------------
 T = 0.5705, DT = 0.02, NI = 1, LI = 5, RES = 3.2e-14 (4.7e-09), CFL=1.101 (ELAPSED 00:00:00 )
-------------------------------------------------------------------------------------------------------------
	 #1 (3.1770e-14, 4.7473e-09): lin 5 (4.8e-14)
-------------------------------------------------------------------------------------------------------------
 T = 0.5905, DT = 0.02, NI = 1, LI = 5, RES = 3.2e-14 (4.7e-09), CFL=1.101 (ELAPSED 00:00:00 )
-------------------------------------------------------------------------------------------------------------
	 #1 (3.1770e-14, 4.7473e-09): lin 5 (4.8e-14)
-------------------------------------------------------------------------------------------------------------
 T = 0.6105, DT = 0.02, NI = 1, LI = 5, RES = 3.2e-14 (4.7e-09), CFL=1.101 (ELAPSED 00:00:00 )
-------------------------------------------------------------------------------------------------------------
	 #1 (3.1770e-14, 4.7473e-09): lin 5 (4.8e-14)
-------------------------------------------------------------------------------------------------------------
 T = 0.6305, DT = 0.02, NI = 1, LI = 5, RES = 3.2e-14 (4.7e-09), CFL=1.101 (ELAPSED 00:00:00 )
-------------------------------------------------------------------------------------------------------------
	 #1 (3.1770e-14, 4.7473e-09): lin 5 (4.8e-14)
-------------------------------------------------------------------------------------------------------------
 T = 0.6505, DT = 0.02, NI = 1, LI = 5, RES = 3.2e-14 (4.7e-09), CFL=1.101 (ELAPSED 00:00:00 )
-------------------------------------------------------------------------------------------------------------
	 #1 (3.1770e-14, 4.7473e-09): lin 5 (4.8e-14)
-------------------------------------------------------------------------------------------------------------
 T = 0.6705, DT = 0.02, NI = 1, LI = 5, RES = 3.2e-14 (4.7e-09), CFL=1.101 (ELAPSED 00:00:00 )
-------------------------------------------------------------------------------------------------------------
	 #1 (3.1770e-14, 4.7473e-09): lin 5 (4.8e-14)
-------------------------------------------------------------------------------------------------------------
 T = 0.6905, DT = 0.02, NI = 1, LI = 5, RES = 3.2e-14 (4.7e-09), CFL=1.101 (ELAPSED 00:00:00 )
-------------------------------------------------------------------------------------------------------------
	 #1 (3.1770e-14, 4.7473e-09): lin 5 (4.8e-14)
-------------------------------------------------------------------------------------------------------------
 T = 0.7105, DT = 0.02, NI = 1, LI = 5, RES = 3.2e-14 (4.7e-09), CFL=1.101 (ELAPSED 00:00:00 )
-------------------------------------------------------------------------------------------------------------
	 #1 (3.1770e-14, 4.7473e-09): lin 5 (4.8e-14)
-------------------------------------------------------------------------------------------------------------
 T = 0.7305, DT = 0.02, NI = 1, LI = 5, RES = 3.2e-14 (4.7e-09), CFL=1.101 (ELAPSED 00:00:00 )
-------------------------------------------------------------------------------------------------------------
	 #1 (3.1770e-14, 4.7473e-09): lin 5 (4.8e-14)
-------------------------------------------------------------------------------------------------------------
 T = 0.7505, DT = 0.02, NI = 1, LI = 5, RES = 3.2e-14 (4.7e-09), CFL=1.101 (ELAPSED 00:00:00 )
-------------------------------------------------------------------------------------------------------------
	 #1 (3.1770e-14, 4.7473e-09): lin 5 (4.8e-14)
-------------------------------------------------------------------------------------------------------------
 T = 0.7705, DT = 0.02, NI = 1, LI = 5, RES = 3.2e-14 (4.7e-09), CFL=1.101 (ELAPSED 00:00:00 )
-------------------------------------------------------------------------------------------------------------
	 #1 (3.1770e-14, 4.7473e-09): lin 5 (4.8e-14)
-------------------------------------------------------------------------------------------------------------
 T = 0.7905, DT = 0.02, NI = 1, LI = 5, RES = 3.2e-14 (4.7e-09), CFL=1.101 (ELAPSED 00:00:00 )
-------------------------------------------------------------------------------------------------------------
	 #1 (3.1770e-14, 4.7473e-09): lin 5 (4.8e-14)
-------------------------------------------------------------------------------------------------------------
 T = 0.8105, DT = 0.02, NI = 1, LI = 5, RES = 3.2e-14 (4.7e-09), CFL=1.101 (ELAPSED 00:00:00 )
-------------------------------------------------------------------------------------------------------------
	 #1 (3.1770e-14, 4.7473e-09): lin 5 (4.8e-14)
-------------------------------------------------------------------------------------------------------------
 T = 0.8305, DT = 0.02, NI = 1, LI = 5, RES = 3.2e-14 (4.7e-09), CFL=1.101 (ELAPSED 00:00:00 )
-------------------------------------------------------------------------------------------------------------
	 #1 (3.1770e-14, 4.7473e-09): lin 5 (4.8e-14)
-------------------------------------------------------------------------------------------------------------
 T = 0.8505, DT = 0.02, NI = 1, LI = 5, RES = 3.2e-14 (4.7e-09), CFL=1.101 (ELAPSED 00:00:00 )
-------------------------------------------------------------------------------------------------------------
	 #1 (3.1770e-14, 4.7473e-09): lin 5 (4.8e-14)
-------------------------------------------------------------------------------------------------------------
 T = 0.8705, DT = 0.02, NI = 1, LI = 5, RES = 3.2e-14 (4.7e-09), CFL=1.101 (ELAPSED 00:00:00 )
-------------------------------------------------------------------------------------------------------------
	 #1 (3.1770e-14, 4.7473e-09): lin 5 (4.8e-14)
-------------------------------------------------------------------------------------------------------------
 T = 0.8905, DT = 0.02, NI = 1, LI = 5, RES = 3.2e-14 (4.7e-09), CFL=1.101 (ELAPSED 00:00:00 )
-------------------------------------------------------------------------------------------------------------
	 #1 (3.1770e-14, 4.7473e-09): lin 5 (4.8e-14)
-------------------------------------------------------------------------------------------------------------
 T = 0.9105, DT = 0.02, NI = 1, LI = 5, RES = 3.2e-14 (4.7e-09), CFL=1.101 (ELAPSED 00:00:00 )
-------------------------------------------------------------------------------------------------------------
	 #1 (3.1770e-14, 4.7473e-09): lin 5 (4.8e-14)
-------------------------------------------------------------------------------------------------------------
 T = 0.9305, DT = 0.02, NI = 1, LI = 5, RES = 3.2e-14 (4.7e-09), CFL=1.101 (ELAPSED 00:00:00 )
-------------------------------------------------------------------------------------------------------------
	 #1 (3.1770e-14, 4.7473e-09): lin 5 (4.8e-14)
-------------------------------------------------------------------------------------------------------------
 T = 0.9505, DT = 0.02, NI = 1, LI = 5, RES = 3.2e-14 (4.7e-09), CFL=1.101 (ELAPSED 00:00:00 )
-------------------------------------------------------------------------------------------------------------
	 #1 (3.1770e-14, 4.7473e-09): lin 5 (4.8e-14)
-------------------------------------------------------------------------------------------------------------
 T = 0.9705, DT = 0.02, NI = 1, LI = 5, RES = 3.2e-14 (4.7e-09), CFL=1.101 (ELAPSED 00:00:00 )
-------------------------------------------------------------------------------------------------------------
	 #1 (3.1770e-14, 4.7473e-09): lin 5 (4.8e-14)
-------------------------------------------------------------------------------------------------------------
 T = 0.9905, DT = 0.02, NI = 1, LI = 5, RES = 3.2e-14 (4.7e-09), CFL=1.101 (ELAPSED 00:00:00 )
-------------------------------------------------------------------------------------------------------------
	 #1 (3.1770e-14, 4.7473e-09): lin 5 (4.8e-14)
-------------------------------------------------------------------------------------------------------------
 T = 1.0105, DT = 0.02, NI = 1, LI = 5, RES = 3.2e-14 (4.7e-09), CFL=1.101 (ELAPSED 00:00:00 )
-------------------------------------------------------------------------------------------------------------
	 #1 (3.1770e-14, 4.7473e-09): lin 5 (4.8e-14)
-------------------------------------------------------------------------------------------------------------
 T = 1.0305, DT = 0.02, NI = 1, LI = 5, RES = 3.2e-14 (4.7e-09), CFL=1.101 (ELAPSED 00:00:00 )
-------------------------------------------------------------------------------------------------------------
	 #1 (3.1770e-14, 4.7473e-09): lin 5 (4.8e-14)
-------------------------------------------------------------------------------------------------------------
 T = 1.0505, DT = 0.02, NI = 1, LI = 5, RES = 3.2e-14 (4.7e-09), CFL=1.101 (ELAPSED 00:00:00 )
-------------------------------------------------------------------------------------------------------------
	 #1 (3.1770e-14, 4.7473e-09): lin 5 (4.8e-14)
-------------------------------------------------------------------------------------------------------------
 T = 1.0705, DT = 0.02, NI = 1, LI = 5, RES = 3.2e-14 (4.7e-09), CFL=1.101 (ELAPSED 00:00:00 )
-------------------------------------------------------------------------------------------------------------
	 #1 (3.1770e-14, 4.7473e-09): lin 5 (4.8e-14)
-------------------------------------------------------------------------------------------------------------
 T = 1.0905, DT = 0.02, NI = 1, LI = 5, RES = 3.2e-14 (4.7e-09), CFL=1.101 (ELAPSED 00:00:00 )
-------------------------------------------------------------------------------------------------------------
	 #1 (3.1770e-14, 4.7473e-09): lin 5 (4.8e-14)
-------------------------------------------------------------------------------------------------------------
 T = 1.1105, DT = 0.02, NI = 1, LI = 5, RES = 3.2e-14 (4.7e-09), CFL=1.101 (ELAPSED 00:00:00 )
-------------------------------------------------------------------------------------------------------------
	 #1 (3.1770e-14, 4.7473e-09): lin 5 (4.8e-14)
-------------------------------------------------------------------------------------------------------------
 T = 1.1305, DT = 0.02, NI = 1, LI = 5, RES = 3.2e-14 (4.7e-09), CFL=1.101 (ELAPSED 00:00:00 )
-------------------------------------------------------------------------------------------------------------
	 #1 (3.1770e-14, 4.7473e-09): lin 5 (4.8e-14)
-------------------------------------------------------------------------------------------------------------
 T = 1.1505, DT = 0.02, NI = 1, LI = 5, RES = 3.2e-14 (4.7e-09), CFL=1.101 (ELAPSED 00:00:00 )
-------------------------------------------------------------------------------------------------------------
	 #1 (3.1770e-14, 4.7473e-09): lin 5 (4.8e-14)
-------------------------------------------------------------------------------------------------------------
 T = 1.1705, DT = 0.02, NI = 1, LI = 5, RES = 3.2e-14 (4.7e-09), CFL=1.101 (ELAPSED 00:00:00 )
-------------------------------------------------------------------------------------------------------------
	 #1 (3.1770e-14, 4.7473e-09): lin 5 (4.8e-14)
-------------------------------------------------------------------------------------------------------------
 T = 1.1905, DT = 0.02, NI = 1, LI = 5, RES = 3.2e-14 (4.7e-09), CFL=1.101 (ELAPSED 00:00:00 )
-------------------------------------------------------------------------------------------------------------
	 #1 (3.1770e-14, 4.7473e-09): lin 5 (4.8e-14)
-------------------------------------------------------------------------------------------------------------
 T = 1.2105, DT = 0.02, NI = 1, LI = 5, RES = 3.2e-14 (4.7e-09), CFL=1.101 (ELAPSED 00:00:00 )
-------------------------------------------------------------------------------------------------------------
	 #1 (3.1770e-14, 4.7473e-09): lin 5 (4.8e-14)
-------------------------------------------------------------------------------------------------------------
 T = 1.2305, DT = 0.02, NI = 1, LI = 5, RES = 3.2e-14 (4.7e-09), CFL=1.101 (ELAPSED 00:00:00 )
-------------------------------------------------------------------------------------------------------------
	 #1 (3.1770e-14, 4.7473e-09): lin 5 (4.8e-14)
-------------------------------------------------------------------------------------------------------------
 T = 1.2505, DT = 0.02, NI = 1, LI = 5, RES = 3.2e-14 (4.7e-09), CFL=1.101 (ELAPSED 00:00:00 )
-------------------------------------------------------------------------------------------------------------
	 #1 (3.1770e-14, 4.7473e-09): lin 5 (4.8e-14)
-------------------------------------------------------------------------------------------------------------
 T = 1.2705, DT = 0.02, NI = 1, LI = 5, RES = 3.2e-14 (4.7e-09), CFL=1.101 (ELAPSED 00:00:00 )
-------------------------------------------------------------------------------------------------------------
	 #1 (3.1770e-14, 4.7473e-09): lin 5 (4.8e-14)
-------------------------------------------------------------------------------------------------------------
 T = 1.2905, DT = 0.02, NI = 1, LI = 5, RES = 3.2e-14 (4.7e-09), CFL=1.101 (ELAPSED 00:00:00 )
-------------------------------------------------------------------------------------------------------------
	 #1 (3.1770e-14, 4.7473e-09): lin 5 (4.8e-14)
-------------------------------------------------------------------------------------------------------------
 T = 1.3105, DT = 0.02, NI = 1, LI = 5, RES = 3.2e-14 (4.7e-09), CFL=1.101 (ELAPSED 00:00:00 )
-------------------------------------------------------------------------------------------------------------
	 #1 (3.1770e-14, 4.7473e-09): lin 5 (4.8e-14)
-------------------------------------------------------------------------------------------------------------
 T = 1.3305, DT = 0.02, NI = 1, LI = 5, RES = 3.2e-14 (4.7e-09), CFL=1.101 (ELAPSED 00:00:00 )
-------------------------------------------------------------------------------------------------------------
	 #1 (3.1770e-14, 4.7473e-09): lin 5 (4.8e-14)
-------------------------------------------------------------------------------------------------------------
 T = 1.3505, DT = 0.02, NI = 1, LI = 5, RES = 3.2e-14 (4.7e-09), CFL=1.101 (ELAPSED 00:00:00 )
-------------------------------------------------------------------------------------------------------------
	 #1 (3.1770e-14, 4.7473e-09): lin 5 (4.8e-14)
-------------------------------------------------------------------------------------------------------------
 T = 1.3705, DT = 0.02, NI = 1, LI = 5, RES = 3.2e-14 (4.7e-09), CFL=1.101 (ELAPSED 00:00:00 )
-------------------------------------------------------------------------------------------------------------
	 #1 (3.1770e-14, 4.7473e-09): lin 5 (4.8e-14)
-------------------------------------------------------------------------------------------------------------
 T = 1.3905, DT = 0.02, NI = 1, LI = 5, RES = 3.2e-14 (4.7e-09), CFL=1.101 (ELAPSED 00:00:00 )
-------------------------------------------------------------------------------------------------------------
	 #1 (3.1770e-14, 4.7473e-09): lin 5 (4.8e-14)
-------------------------------------------------------------------------------------------------------------
 T = 1.4105, DT = 0.02, NI = 1, LI = 5, RES = 3.2e-14 (4.7e-09), CFL=1.101 (ELAPSED 00:00:00 )
-------------------------------------------------------------------------------------------------------------
	 #1 (3.1770e-14, 4.7473e-09): lin 5 (4.8e-14)
-------------------------------------------------------------------------------------------------------------
 T = 1.4305, DT = 0.02, NI = 1, LI = 5, RES = 3.2e-14 (4.7e-09), CFL=1.101 (ELAPSED 00:00:00 )
-------------------------------------------------------------------------------------------------------------
	 #1 (3.1770e-14, 4.7473e-09): lin 5 (4.8e-14)
-------------------------------------------------------------------------------------------------------------
 T = 1.4505, DT = 0.02, NI = 1, LI = 5, RES = 3.2e-14 (4.7e-09), CFL=1.101 (ELAPSED 00:00:00 )
-------------------------------------------------------------------------------------------------------------
	 #1 (3.1770e-14, 4.7473e-09): lin 5 (4.8e-14)
-------------------------------------------------------------------------------------------------------------
 T = 1.4705, DT = 0.02, NI = 1, LI = 5, RES = 3.2e-14 (4.7e-09), CFL=1.101 (ELAPSED 00:00:00 )
-------------------------------------------------------------------------------------------------------------
	 #1 (3.1770e-14, 4.7473e-09): lin 5 (4.8e-14)
-------------------------------------------------------------------------------------------------------------
 T = 1.4905, DT = 0.02, NI = 1, LI = 5, RES = 3.2e-14 (4.7e-09), CFL=1.101 (ELAPSED 00:00:00 )
-------------------------------------------------------------------------------------------------------------
	 #1 (3.1770e-14, 4.7473e-09): lin 5 (4.8e-14)
-------------------------------------------------------------------------------------------------------------
 T = 1.5105, DT = 0.02, NI = 1, LI = 5, RES = 3.2e-14 (4.7e-09), CFL=1.101 (ELAPSED 00:00:00 )
-------------------------------------------------------------------------------------------------------------
	 #1 (3.1770e-14, 4.7473e-09): lin 5 (4.8e-14)
-------------------------------------------------------------------------------------------------------------
 T = 1.5305, DT = 0.02, NI = 1, LI = 5, RES = 3.2e-14 (4.7e-09), CFL=1.101 (ELAPSED 00:00:00 )
-------------------------------------------------------------------------------------------------------------
	 #1 (3.1770e-14, 4.7473e-09): lin 5 (4.8e-14)
-------------------------------------------------------------------------------------------------------------
 T = 1.5505, DT = 0.02, NI = 1, LI = 5, RES = 3.2e-14 (4.7e-09), CFL=1.101 (ELAPSED 00:00:00 )
-------------------------------------------------------------------------------------------------------------
	 #1 (3.1770e-14, 4.7473e-09): lin 5 (4.8e-14)
-------------------------------------------------------------------------------------------------------------
 T = 1.5705, DT = 0.02, NI = 1, LI = 5, RES = 3.2e-14 (4.7e-09), CFL=1.101 (ELAPSED 00:00:00 )
-------------------------------------------------------------------------------------------------------------
	 #1 (3.1770e-14, 4.7473e-09): lin 5 (4.8e-14)
-------------------------------------------------------------------------------------------------------------
 T = 1.5905, DT = 0.02, NI = 1, LI = 5, RES = 3.2e-14 (4.7e-09), CFL=1.101 (ELAPSED 00:00:00 )
-------------------------------------------------------------------------------------------------------------
	 #1 (3.1770e-14, 4.7473e-09): lin 5 (4.8e-14)
-------------------------------------------------------------------------------------------------------------
 T = 1.6105, DT = 0.02, NI = 1, LI = 5, RES = 3.2e-14 (4.7e-09), CFL=1.101 (ELAPSED 00:00:00 )
-------------------------------------------------------------------------------------------------------------
	 #1 (3.1770e-14, 4.7473e-09): lin 5 (4.8e-14)
-------------------------------------------------------------------------------------------------------------
 T = 1.6305, DT = 0.02, NI = 1, LI = 5, RES = 3.2e-14 (4.7e-09), CFL=1.101 (ELAPSED 00:00:00 )
-------------------------------------------------------------------------------------------------------------
	 #1 (3.1770e-14, 4.7473e-09): lin 5 (4.8e-14)
-------------------------------------------------------------------------------------------------------------
 T = 1.6505, DT = 0.02, NI = 1, LI = 5, RES = 3.2e-14 (4.7e-09), CFL=1.101 (ELAPSED 00:00:00 )
-------------------------------------------------------------------------------------------------------------
	 #1 (3.1770e-14, 4.7473e-09): lin 5 (4.8e-14)
-------------------------------------------------------------------------------------------------------------
 T = 1.6705, DT = 0.02, NI = 1, LI = 5, RES = 3.2e-14 (4.7e-09), CFL=1.101 (ELAPSED 00:00:00 )
-------------------------------------------------------------------------------------------------------------
	 #1 (3.1770e-14, 4.7473e-09): lin 5 (4.8e-14)
-------------------------------------------------------------------------------------------------------------
 T = 1.6905, DT = 0.02, NI = 1, LI = 5, RES = 3.2e-14 (4.7e-09), CFL=1.101 (ELAPSED 00:00:00 )
-------------------------------------------------------------------------------------------------------------
	 #1 (3.1770e-14, 4.7473e-09): lin 5 (4.8e-14)
-------------------------------------------------------------------------------------------------------------
 T = 1.7105, DT = 0.02, NI = 1, LI = 5, RES = 3.2e-14 (4.7e-09), CFL=1.101 (ELAPSED 00:00:00 )
-------------------------------------------------------------------------------------------------------------
	 #1 (3.1770e-14, 4.7473e-09): lin 5 (4.8e-14)
-------------------------------------------------------------------------------------------------------------
 T = 1.7305, DT = 0.02, NI = 1, LI = 5, RES = 3.2e-14 (4.7e-09), CFL=1.101 (ELAPSED 00:00:00 )
-------------------------------------------------------------------------------------------------------------
	 #1 (3.1770e-14, 4.7473e-09): lin 5 (4.8e-14)
-------------------------------------------------------------------------------------------------------------
 T = 1.7505, DT = 0.02, NI = 1, LI = 5, RES = 3.2e-14 (4.7e-09), CFL=1.101 (ELAPSED 00:00:00 )
-------------------------------------------------------------------------------------------------------------
	 #1 (3.1770e-14, 4.7473e-09): lin 5 (4.8e-14)
-------------------------------------------------------------------------------------------------------------
 T = 1.7705, DT = 0.02, NI = 1, LI = 5, RES = 3.2e-14 (4.7e-09), CFL=1.101 (ELAPSED 00:00:00 )
-------------------------------------------------------------------------------------------------------------
	 #1 (3.1770e-14, 4.7473e-09): lin 5 (4.8e-14)
-------------------------------------------------------------------------------------------------------------
 T = 1.7905, DT = 0.02, NI = 1, LI = 5, RES = 3.2e-14 (4.7e-09), CFL=1.101 (ELAPSED 00:00:00 )
-------------------------------------------------------------------------------------------------------------
	 #1 (3.1770e-14, 4.7473e-09): lin 5 (4.8e-14)
-------------------------------------------------------------------------------------------------------------
 T = 1.8105, DT = 0.02, NI = 1, LI = 5, RES = 3.2e-14 (4.7e-09), CFL=1.101 (ELAPSED 00:00:00 )
-------------------------------------------------------------------------------------------------------------
	 #1 (3.1770e-14, 4.7473e-09): lin 5 (4.8e-14)
-------------------------------------------------------------------------------------------------------------
 T = 1.8305, DT = 0.02, NI = 1, LI = 5, RES = 3.2e-14 (4.7e-09), CFL=1.101 (ELAPSED 00:00:00 )
-------------------------------------------------------------------------------------------------------------
	 #1 (3.1770e-14, 4.7473e-09): lin 5 (4.8e-14)
-------------------------------------------------------------------------------------------------------------
 T = 1.8505, DT = 0.02, NI = 1, LI = 5, RES = 3.2e-14 (4.7e-09), CFL=1.101 (ELAPSED 00:00:00 )
-------------------------------------------------------------------------------------------------------------
	 #1 (3.1770e-14, 4.7473e-09): lin 5 (4.8e-14)
-------------------------------------------------------------------------------------------------------------
 T = 1.8705, DT = 0.02, NI = 1, LI = 5, RES = 3.2e-14 (4.7e-09), CFL=1.101 (ELAPSED 00:00:00 )
-------------------------------------------------------------------------------------------------------------
	 #1 (3.1770e-14, 4.7473e-09): lin 5 (4.8e-14)
-------------------------------------------------------------------------------------------------------------
 T = 1.8905, DT = 0.02, NI = 1, LI = 5, RES = 3.2e-14 (4.7e-09), CFL=1.101 (ELAPSED 00:00:00 )
-------------------------------------------------------------------------------------------------------------
	 #1 (3.1770e-14, 4.7473e-09): lin 5 (4.8e-14)
-------------------------------------------------------------------------------------------------------------
 T = 1.9105, DT = 0.02, NI = 1, LI = 5, RES = 3.2e-14 (4.7e-09), CFL=1.101 (ELAPSED 00:00:00 )
-------------------------------------------------------------------------------------------------------------
	 #1 (3.1770e-14, 4.7473e-09): lin 5 (4.8e-14)
-------------------------------------------------------------------------------------------------------------
 T = 1.9305, DT = 0.02, NI = 1, LI = 5, RES = 3.2e-14 (4.7e-09), CFL=1.101 (ELAPSED 00:00:00 )
-------------------------------------------------------------------------------------------------------------
	 #1 (3.1770e-14, 4.7473e-09): lin 5 (4.8e-14)
-------------------------------------------------------------------------------------------------------------
 T = 1.9505, DT = 0.02, NI = 1, LI = 5, RES = 3.2e-14 (4.7e-09), CFL=1.101 (ELAPSED 00:00:00 )
-------------------------------------------------------------------------------------------------------------
	 #1 (3.1770e-14, 4.7473e-09): lin 5 (4.8e-14)
-------------------------------------------------------------------------------------------------------------
 T = 1.9705, DT = 0.02, NI = 1, LI = 5, RES = 3.2e-14 (4.7e-09), CFL=1.101 (ELAPSED 00:00:00 )
-------------------------------------------------------------------------------------------------------------
	 #1 (3.1770e-14, 4.7473e-09): lin 5 (4.8e-14)
-------------------------------------------------------------------------------------------------------------
 T = 1.9905, DT = 0.02, NI = 1, LI = 5, RES = 3.2e-14 (4.7e-09), CFL=1.101 (ELAPSED 00:00:00 )
-------------------------------------------------------------------------------------------------------------
	 #1 (3.1770e-14, 4.7473e-09): lin 5 (4.8e-14)
-------------------------------------------------------------------------------------------------------------
 T = 2.0105, DT = 0.02, NI = 1, LI = 5, RES = 3.2e-14 (4.7e-09), CFL=1.101 (ELAPSED 00:00:00 )
-------------------------------------------------------------------------------------------------------------
	 #1 (3.1770e-14, 4.7473e-09): lin 5 (4.8e-14)
-------------------------------------------------------------------------------------------------------------
 T = 2.0305, DT = 0.02, NI = 1, LI = 5, RES = 3.2e-14 (4.7e-09), CFL=1.101 (ELAPSED 00:00:00 )
-------------------------------------------------------------------------------------------------------------
	 #1 (3.1770e-14, 4.7473e-09): lin 5 (4.8e-14)
-------------------------------------------------------------------------------------------------------------
 T = 2.0505, DT = 0.02, NI = 1, LI = 5, RES = 3.2e-14 (4.7e-09), CFL=1.101 (ELAPSED 00:00:00 )
-------------------------------------------------------------------------------------------------------------
	 #1 (3.1770e-14, 4.7473e-09): lin 5 (4.8e-14)
-------------------------------------------------------------------------------------------------------------
 T = 2.0705, DT = 0.02, NI = 1, LI = 5, RES = 3.2e-14 (4.7e-09), CFL=1.101 (ELAPSED 00:00:00 )
-------------------------------------------------------------------------------------------------------------
	 #1 (3.1770e-14, 4.7473e-09): lin 5 (4.8e-14)
-------------------------------------------------------------------------------------------------------------
 T = 2.0905, DT = 0.02, NI = 1, LI = 5, RES = 3.2e-14 (4.7e-09), CFL=1.101 (ELAPSED 00:00:00 )
-------------------------------------------------------------------------------------------------------------
	 #1 (3.1770e-14, 4.7473e-09): lin 5 (4.8e-14)
-------------------------------------------------------------------------------------------------------------
 T = 2.1105, DT = 0.02, NI = 1, LI = 5, RES = 3.2e-14 (4.7e-09), CFL=1.101 (ELAPSED 00:00:00 )
-------------------------------------------------------------------------------------------------------------
	 #1 (3.1770e-14, 4.7473e-09): lin 5 (4.8e-14)
-------------------------------------------------------------------------------------------------------------
 T = 2.1305, DT = 0.02, NI = 1, LI = 5, RES = 3.2e-14 (4.7e-09), CFL=1.101 (ELAPSED 00:00:00 )
-------------------------------------------------------------------------------------------------------------
	 #1 (3.1770e-14, 4.7473e-09): lin 5 (4.8e-14)
-------------------------------------------------------------------------------------------------------------
 T = 2.1505, DT = 0.02, NI = 1, LI = 5, RES = 3.2e-14 (4.7e-09), CFL=1.101 (ELAPSED 00:00:00 )
-------------------------------------------------------------------------------------------------------------
	 #1 (3.1770e-14, 4.7473e-09): lin 5 (4.8e-14)
-------------------------------------------------------------------------------------------------------------
 T = 2.1705, DT = 0.02, NI = 1, LI = 5, RES = 3.2e-14 (4.7e-09), CFL=1.101 (ELAPSED 00:00:00 )
-------------------------------------------------------------------------------------------------------------
	 #1 (3.1770e-14, 4.7473e-09): lin 5 (4.8e-14)
-------------------------------------------------------------------------------------------------------------
 T = 2.1905, DT = 0.02, NI = 1, LI = 5, RES = 3.2e-14 (4.7e-09), CFL=1.101 (ELAPSED 00:00:00 )
-------------------------------------------------------------------------------------------------------------
	 #1 (3.1770e-14, 4.7473e-09): lin 5 (4.8e-14)
-------------------------------------------------------------------------------------------------------------
 T = 2.2105, DT = 0.02, NI = 1, LI = 5, RES = 3.2e-14 (4.7e-09), CFL=1.101 (ELAPSED 00:00:00 )
-------------------------------------------------------------------------------------------------------------
	 #1 (3.1770e-14, 4.7473e-09): lin 5 (4.8e-14)
-------------------------------------------------------------------------------------------------------------
 T = 2.2305, DT = 0.02, NI = 1, LI = 5, RES = 3.2e-14 (4.7e-09), CFL=1.101 (ELAPSED 00:00:00 )
-------------------------------------------------------------------------------------------------------------
	 #1 (3.1770e-14, 4.7473e-09): lin 5 (4.8e-14)
-------------------------------------------------------------------------------------------------------------
 T = 2.2505, DT = 0.02, NI = 1, LI = 5, RES = 3.2e-14 (4.7e-09), CFL=1.101 (ELAPSED 00:00:00 )
-------------------------------------------------------------------------------------------------------------
	 #1 (3.1770e-14, 4.7473e-09): lin 5 (4.8e-14)
-------------------------------------------------------------------------------------------------------------
 T = 2.2705, DT = 0.02, NI = 1, LI = 5, RES = 3.2e-14 (4.7e-09), CFL=1.101 (ELAPSED 00:00:00 )
-------------------------------------------------------------------------------------------------------------
	 #1 (3.1770e-14, 4.7473e-09): lin 5 (4.8e-14)
-------------------------------------------------------------------------------------------------------------
 T = 2.2905, DT = 0.02, NI = 1, LI = 5, RES = 3.2e-14 (4.7e-09), CFL=1.101 (ELAPSED 00:00:00 )
-------------------------------------------------------------------------------------------------------------
	 #1 (3.1770e-14, 4.7473e-09): lin 5 (4.8e-14)
-------------------------------------------------------------------------------------------------------------
 T = 2.3105, DT = 0.02, NI = 1, LI = 5, RES = 3.2e-14 (4.7e-09), CFL=1.101 (ELAPSED 00:00:00 )
-------------------------------------------------------------------------------------------------------------
	 #1 (3.1770e-14, 4.7473e-09): lin 5 (4.8e-14)
-------------------------------------------------------------------------------------------------------------
 T = 2.3305, DT = 0.02, NI = 1, LI = 5, RES = 3.2e-14 (4.7e-09), CFL=1.101 (ELAPSED 00:00:00 )
-------------------------------------------------------------------------------------------------------------
	 #1 (3.1770e-14, 4.7473e-09): lin 5 (4.8e-14)
-------------------------------------------------------------------------------------------------------------
 T = 2.3505, DT = 0.02, NI = 1, LI = 5, RES = 3.2e-14 (4.7e-09), CFL=1.101 (ELAPSED 00:00:00 )
-------------------------------------------------------------------------------------------------------------
	 #1 (3.1770e-14, 4.7473e-09): lin 5 (4.8e-14)
-------------------------------------------------------------------------------------------------------------
 T = 2.3705, DT = 0.02, NI = 1, LI = 5, RES = 3.2e-14 (4.7e-09), CFL=1.101 (ELAPSED 00:00:00 )
-------------------------------------------------------------------------------------------------------------
	 #1 (3.1770e-14, 4.7473e-09): lin 5 (4.8e-14)
-------------------------------------------------------------------------------------------------------------
 T = 2.3905, DT = 0.02, NI = 1, LI = 5, RES = 3.2e-14 (4.7e-09), CFL=1.101 (ELAPSED 00:00:00 )
-------------------------------------------------------------------------------------------------------------
	 #1 (3.1770e-14, 4.7473e-09): lin 5 (4.8e-14)
-------------------------------------------------------------------------------------------------------------
 T = 2.4105, DT = 0.02, NI = 1, LI = 5, RES = 3.2e-14 (4.7e-09), CFL=1.101 (ELAPSED 00:00:00 )
-------------------------------------------------------------------------------------------------------------
	 #1 (3.1770e-14, 4.7473e-09): lin 5 (4.8e-14)
-------------------------------------------------------------------------------------------------------------
 T = 2.4305, DT = 0.02, NI = 1, LI = 5, RES = 3.2e-14 (4.7e-09), CFL=1.101 (ELAPSED 00:00:00 )
-------------------------------------------------------------------------------------------------------------
	 #1 (3.1770e-14, 4.7473e-09): lin 5 (4.8e-14)
-------------------------------------------------------------------------------------------------------------
 T = 2.4505, DT = 0.02, NI = 1, LI = 5, RES = 3.2e-14 (4.7e-09), CFL=1.101 (ELAPSED 00:00:00 )
-------------------------------------------------------------------------------------------------------------
	 #1 (3.1770e-14, 4.7473e-09): lin 5 (4.8e-14)
-------------------------------------------------------------------------------------------------------------
 T = 2.4705, DT = 0.02, NI = 1, LI = 5, RES = 3.2e-14 (4.7e-09), CFL=1.101 (ELAPSED 00:00:00 )
-------------------------------------------------------------------------------------------------------------
	 #1 (3.1770e-14, 4.7473e-09): lin 5 (4.8e-14)
-------------------------------------------------------------------------------------------------------------
 T = 2.4905, DT = 0.02, NI = 1, LI = 5, RES = 3.2e-14 (4.7e-09), CFL=1.101 (ELAPSED 00:00:00 )
-------------------------------------------------------------------------------------------------------------
	 #1 (3.1770e-14, 4.7473e-09): lin 5 (4.8e-14)
-------------------------------------------------------------------------------------------------------------
 T = 2.5105, DT = 0.02, NI = 1, LI = 5, RES = 3.2e-14 (4.7e-09), CFL=1.101 (ELAPSED 00:00:00 )
-------------------------------------------------------------------------------------------------------------
	 #1 (3.1770e-14, 4.7473e-09): lin 5 (4.8e-14)
-------------------------------------------------------------------------------------------------------------
 T = 2.5305, DT = 0.02, NI = 1, LI = 5, RES = 3.2e-14 (4.7e-09), CFL=1.101 (ELAPSED 00:00:00 )
-------------------------------------------------------------------------------------------------------------
	 #1 (3.1770e-14, 4.7473e-09): lin 5 (4.8e-14)
-------------------------------------------------------------------------------------------------------------
 T = 2.5505, DT = 0.02, NI = 1, LI = 5, RES = 3.2e-14 (4.7e-09), CFL=1.101 (ELAPSED 00:00:00 )
-------------------------------------------------------------------------------------------------------------
	 #1 (3.1770e-14, 4.7473e-09): lin 5 (4.8e-14)
-------------------------------------------------------------------------------------------------------------
 T = 2.5705, DT = 0.02, NI = 1, LI = 5, RES = 3.2e-14 (4.7e-09), CFL=1.101 (ELAPSED 00:00:00 )
-------------------------------------------------------------------------------------------------------------
	 #1 (3.1770e-14, 4.7473e-09): lin 5 (4.8e-14)
-------------------------------------------------------------------------------------------------------------
 T = 2.5905, DT = 0.02, NI = 1, LI = 5, RES = 3.2e-14 (4.7e-09), CFL=1.101 (ELAPSED 00:00:00 )
-------------------------------------------------------------------------------------------------------------
	 #1 (3.1770e-14, 4.7473e-09): lin 5 (4.8e-14)
-------------------------------------------------------------------------------------------------------------
 T = 2.6105, DT = 0.02, NI = 1, LI = 5, RES = 3.2e-14 (4.7e-09), CFL=1.101 (ELAPSED 00:00:00 )
-------------------------------------------------------------------------------------------------------------
	 #1 (3.1770e-14, 4.7473e-09): lin 5 (4.8e-14)
-------------------------------------------------------------------------------------------------------------
 T = 2.6305, DT = 0.02, NI = 1, LI = 5, RES = 3.2e-14 (4.7e-09), CFL=1.101 (ELAPSED 00:00:00 )
-------------------------------------------------------------------------------------------------------------
	 #1 (3.1770e-14, 4.7473e-09): lin 5 (4.8e-14)
-------------------------------------------------------------------------------------------------------------
 T = 2.6505, DT = 0.02, NI = 1, LI = 5, RES = 3.2e-14 (4.7e-09), CFL=1.101 (ELAPSED 00:00:00 )
-------------------------------------------------------------------------------------------------------------
	 #1 (3.1770e-14, 4.7473e-09): lin 5 (4.8e-14)
-------------------------------------------------------------------------------------------------------------
 T = 2.6705, DT = 0.02, NI = 1, LI = 5, RES = 3.2e-14 (4.7e-09), CFL=1.101 (ELAPSED 00:00:00 )
-------------------------------------------------------------------------------------------------------------
	 #1 (3.1770e-14, 4.7473e-09): lin 5 (4.8e-14)
-------------------------------------------------------------------------------------------------------------
 T = 2.6905, DT = 0.02, NI = 1, LI = 5, RES = 3.2e-14 (4.7e-09), CFL=1.101 (ELAPSED 00:00:00 )
-------------------------------------------------------------------------------------------------------------
	 #1 (3.1770e-14, 4.7473e-09): lin 5 (4.8e-14)
-------------------------------------------------------------------------------------------------------------
 T = 2.7105, DT = 0.02, NI = 1, LI = 5, RES = 3.2e-14 (4.7e-09), CFL=1.101 (ELAPSED 00:00:00 )
-------------------------------------------------------------------------------------------------------------
	 #1 (3.1770e-14, 4.7473e-09): lin 5 (4.8e-14)
-------------------------------------------------------------------------------------------------------------
 T = 2.7305, DT = 0.02, NI = 1, LI = 5, RES = 3.2e-14 (4.7e-09), CFL=1.101 (ELAPSED 00:00:00 )
-------------------------------------------------------------------------------------------------------------
	 #1 (3.1770e-14, 4.7473e-09): lin 5 (4.8e-14)
-------------------------------------------------------------------------------------------------------------
 T = 2.7505, DT = 0.02, NI = 1, LI = 5, RES = 3.2e-14 (4.7e-09), CFL=1.101 (ELAPSED 00:00:00 )
-------------------------------------------------------------------------------------------------------------
	 #1 (3.1770e-14, 4.7473e-09): lin 5 (4.8e-14)
-------------------------------------------------------------------------------------------------------------
 T = 2.7705, DT = 0.02, NI = 1, LI = 5, RES = 3.2e-14 (4.7e-09), CFL=1.101 (ELAPSED 00:00:00 )
-------------------------------------------------------------------------------------------------------------
	 #1 (3.1770e-14, 4.7473e-09): lin 5 (4.8e-14)
-------------------------------------------------------------------------------------------------------------
 T = 2.7905, DT = 0.02, NI = 1, LI = 5, RES = 3.2e-14 (4.7e-09), CFL=1.101 (ELAPSED 00:00:00 )
-------------------------------------------------------------------------------------------------------------
	 #1 (3.1770e-14, 4.7473e-09): lin 5 (4.8e-14)
-------------------------------------------------------------------------------------------------------------
 T = 2.8105, DT = 0.02, NI = 1, LI = 5, RES = 3.2e-14 (4.7e-09), CFL=1.101 (ELAPSED 00:00:00 )
-------------------------------------------------------------------------------------------------------------
	 #1 (3.1770e-14, 4.7473e-09): lin 5 (4.8e-14)
-------------------------------------------------------------------------------------------------------------
 T = 2.8305, DT = 0.02, NI = 1, LI = 5, RES = 3.2e-14 (4.7e-09), CFL=1.101 (ELAPSED 00:00:00 )
-------------------------------------------------------------------------------------------------------------
	 #1 (3.1770e-14, 4.7473e-09): lin 5 (4.8e-14)
-------------------------------------------------------------------------------------------------------------
 T = 2.8505, DT = 0.02, NI = 1, LI = 5, RES = 3.2e-14 (4.7e-09), CFL=1.101 (ELAPSED 00:00:00 )
-------------------------------------------------------------------------------------------------------------
	 #1 (3.1770e-14, 4.7473e-09): lin 5 (4.8e-14)
-------------------------------------------------------------------------------------------------------------
 T = 2.8705, DT = 0.02, NI = 1, LI = 5, RES = 3.2e-14 (4.7e-09), CFL=1.101 (ELAPSED 00:00:00 )
-------------------------------------------------------------------------------------------------------------
	 #1 (3.1770e-14, 4.7473e-09): lin 5 (4.8e-14)
-------------------------------------------------------------------------------------------------------------
 T = 2.8905, DT = 0.02, NI = 1, LI = 5, RES = 3.2e-14 (4.7e-09), CFL=1.101 (ELAPSED 00:00:00 )
-------------------------------------------------------------------------------------------------------------
	 #1 (3.1770e-14, 4.7473e-09): lin 5 (4.8e-14)
-------------------------------------------------------------------------------------------------------------
 T = 2.9105, DT = 0.02, NI = 1, LI = 5, RES = 3.2e-14 (4.7e-09), CFL=1.101 (ELAPSED 00:00:00 )
-------------------------------------------------------------------------------------------------------------
	 #1 (3.1770e-14, 4.7473e-09): lin 5 (4.8e-14)
-------------------------------------------------------------------------------------------------------------
 T = 2.9305, DT = 0.02, NI = 1, LI = 5, RES = 3.2e-14 (4.7e-09), CFL=1.101 (ELAPSED 00:00:00 )
-------------------------------------------------------------------------------------------------------------
	 #1 (3.1770e-14, 4.7473e-09): lin 5 (4.8e-14)
-------------------------------------------------------------------------------------------------------------
 T = 2.9505, DT = 0.02, NI = 1, LI = 5, RES = 3.2e-14 (4.7e-09), CFL=1.101 (ELAPSED 00:00:00 )
-------------------------------------------------------------------------------------------------------------
	 #1 (3.1770e-14, 4.7473e-09): lin 5 (4.8e-14)
-------------------------------------------------------------------------------------------------------------
 T = 2.9705, DT = 0.02, NI = 1, LI = 5, RES = 3.2e-14 (4.7e-09), CFL=1.101 (ELAPSED 00:00:00 )
-------------------------------------------------------------------------------------------------------------
	 #1 (3.1770e-14, 4.7473e-09): lin 5 (4.8e-14)
-------------------------------------------------------------------------------------------------------------
 T = 2.9905, DT = 0.02, NI = 1, LI = 5, RES = 3.2e-14 (4.7e-09), CFL=1.101 (ELAPSED 00:00:00 )
-------------------------------------------------------------------------------------------------------------
	 #1 (1.5094e-14, 4.6042e-09): lin 4 (7.9e-12)
-------------------------------------------------------------------------------------------------------------
 T = 3, DT = 0.00949966, NI = 1, LI = 4, RES = 1.5e-14 (4.6e-09), CFL=0.523 (ELAPSED 00:00:00 )
-------------------------------------------------------------------------------------------------------------
