darts-linear-solvers built on Sep 15 2026 16:46:12 by sanderbertdacosta@MacBook-Air-van-Sander.local from bb040aa025bfcafff20578654ad0b0d819d463a0
darts-engines built on Sep 15 2026 16:46:13 by sanderbertdacosta@MacBook-Air-van-Sander.local from bb040aa025bfcafff20578654ad0b0d819d463a0
darts-discretizer built on Sep 15 2026 16:46:13 by sanderbertdacosta@MacBook-Air-van-Sander.local from bb040aa025bfcafff20578654ad0b0d819d463a0
Processing mesh: 27 reservoir blocks, 4 well blocks, 58 connections
Linear solver type is gmres+cpr
Engine: 	2-phase 3-component isothermal flow with kinetic reaction and diffusion CPU engine
OpenMP threads: 	2

START SIMULATION
-------------------------------------------------------------------------------------------------------------
Well INJ initialized with phase 1 molar rate-control
Well PROD initialized with BHP-control
	 #1 (7.3963e-01, 3.6479e+03): lin 2 (9.8e-12)
	 #2 (9.2648e-06, 1.8731e-01): lin 3 (4.3e-13)
-------------------------------------------------------------------------------------------------------------
 T = 1e-06, DT = 1e-06, NI = 2, LI = 5, RES = 9.9e-14 (2.1e-09), CFL=0.000 (ELAPSED 00:00:00 )
-------------------------------------------------------------------------------------------------------------
	 #1 (6.3775e-01, 5.4501e-05): lin 8 (3.0e-12)
	 #2 (3.9022e-06, 3.1737e-05): lin 6 (2.3e-15)
-------------------------------------------------------------------------------------------------------------
 T = 2.5e-06, DT = 1.5e-06, NI = 2, LI = 14, RES = 1.2e-15 (9.3e-10), CFL=0.000 (ELAPSED 00:00:00 )
-------------------------------------------------------------------------------------------------------------
	 #1 (5.8411e-01, 1.0625e-04): lin 12 (2.6e-13)
	 #2 (3.4980e-06, 7.5126e-05): lin 7 (8.3e-16)
-------------------------------------------------------------------------------------------------------------
 T = 4.75e-06, DT = 2.25e-06, NI = 2, LI = 19, RES = 3.7e-16 (9.9e-09), CFL=0.000 (ELAPSED 00:00:00 )
-------------------------------------------------------------------------------------------------------------
	 #1 (5.5309e-01, 4.2882e-04): lin 7 (3.4e-14)
	 #2 (4.1790e-06, 1.3979e-04): lin 5 (4.7e-13)
-------------------------------------------------------------------------------------------------------------
 T = 8.125e-06, DT = 3.375e-06, NI = 2, LI = 12, RES = 4.2e-16 (2.8e-08), CFL=0.000 (ELAPSED 00:00:00 )
-------------------------------------------------------------------------------------------------------------
	 #1 (5.3418e-01, 1.2129e-03): lin 9 (5.8e-13)
	 #2 (4.8647e-06, 2.2465e-04): lin 7 (7.0e-14)
-------------------------------------------------------------------------------------------------------------
 T = 1.31875e-05, DT = 5.0625e-06, NI = 2, LI = 16, RES = 4.5e-16 (1.4e-08), CFL=0.000 (ELAPSED 00:00:00 )
-------------------------------------------------------------------------------------------------------------
	 #1 (5.2227e-01, 2.8007e-03): lin 9 (7.3e-12)
	 #2 (5.1876e-06, 3.1379e-04): lin 6 (2.5e-13)
-------------------------------------------------------------------------------------------------------------
 T = 2.07813e-05, DT = 7.59375e-06, NI = 2, LI = 15, RES = 4.6e-16 (4.4e-09), CFL=0.000 (ELAPSED 00:00:00 )
-------------------------------------------------------------------------------------------------------------
	 #1 (5.1462e-01, 5.6264e-03): lin 7 (1.6e-12)
	 #2 (4.8805e-06, 3.6939e-04): lin 6 (4.8e-14)
-------------------------------------------------------------------------------------------------------------
 T = 3.21719e-05, DT = 1.13906e-05, NI = 2, LI = 13, RES = 4.9e-16 (1.7e-08), CFL=0.001 (ELAPSED 00:00:00 )
-------------------------------------------------------------------------------------------------------------
	 #1 (5.0963e-01, 1.0148e-02): lin 6 (2.5e-12)
	 #2 (3.8923e-06, 3.5143e-04): lin 6 (2.3e-13)
-------------------------------------------------------------------------------------------------------------
 T = 4.92578e-05, DT = 1.70859e-05, NI = 2, LI = 12, RES = 4.4e-16 (4.7e-09), CFL=0.001 (ELAPSED 00:00:00 )
-------------------------------------------------------------------------------------------------------------
	 #1 (5.0635e-01, 1.6817e-02): lin 8 (1.3e-12)
	 #2 (2.5235e-06, 2.5880e-04): lin 8 (3.9e-09) NC
-------------------------------------------------------------------------------------------------------------
 T = 7.48867e-05, DT = 2.56289e-05, NI = 2, LI = 16, RES = 4.2e-16 (1.1e-08), CFL=0.001 (ELAPSED 00:00:00 )
-------------------------------------------------------------------------------------------------------------
	 #1 (5.0418e-01, 2.6208e-02): lin 8 (3.8e-13)
	 #2 (1.2761e-06, 1.4163e-04): lin 5 (3.3e-12)
-------------------------------------------------------------------------------------------------------------
 T = 0.00011333, DT = 3.84434e-05, NI = 2, LI = 13, RES = 4.0e-16 (1.4e-08), CFL=0.002 (ELAPSED 00:00:00 )
-------------------------------------------------------------------------------------------------------------
	 #1 (5.0272e-01, 3.9259e-02): lin 8 (2.5e-12)
	 #2 (4.8371e-07, 5.5475e-05): lin 5 (5.9e-12)
-------------------------------------------------------------------------------------------------------------
 T = 0.000170995, DT = 5.7665e-05, NI = 2, LI = 13, RES = 3.9e-16 (1.0e-09), CFL=0.003 (ELAPSED 00:00:00 )
-------------------------------------------------------------------------------------------------------------
	 #1 (5.0173e-01, 5.7348e-02): lin 8 (1.5e-12)
	 #2 (1.3088e-07, 1.5030e-05): lin 6 (1.2e-11) NC
-------------------------------------------------------------------------------------------------------------
 T = 0.000257493, DT = 8.64976e-05, NI = 2, LI = 14, RES = 4.2e-16 (3.1e-09), CFL=0.005 (ELAPSED 00:00:00 )
-------------------------------------------------------------------------------------------------------------
	 #1 (5.0103e-01, 8.2056e-02): lin 7 (2.3e-11) NC
	 #2 (2.0537e-08, 2.7279e-06): lin 4 (3.7e-13)
-------------------------------------------------------------------------------------------------------------
 T = 0.000387239, DT = 0.000129746, NI = 2, LI = 11, RES = 4.8e-16 (5.1e-09), CFL=0.007 (ELAPSED 00:00:00 )
-------------------------------------------------------------------------------------------------------------
	 #1 (5.0050e-01, 1.1465e-01): lin 6 (4.9e-12)
	 #2 (5.5975e-09, 3.2186e-07): lin 3 (5.2e-12)
-------------------------------------------------------------------------------------------------------------
 T = 0.000581859, DT = 0.00019462, NI = 2, LI = 9, RES = 5.6e-16 (1.3e-08), CFL=0.011 (ELAPSED 00:00:00 )
-------------------------------------------------------------------------------------------------------------
	 #1 (5.0006e-01, 1.5528e-01): lin 7 (1.1e-13)
	 #2 (1.3444e-08, 2.4974e-08): lin 4 (1.5e-13)
-------------------------------------------------------------------------------------------------------------
 T = 0.000873788, DT = 0.000291929, NI = 2, LI = 11, RES = 6.5e-16 (1.3e-09), CFL=0.016 (ELAPSED 00:00:00 )
-------------------------------------------------------------------------------------------------------------
	 #1 (4.9965e-01, 2.0204e-01): lin 6 (9.4e-11) NC
	 #2 (2.0628e-08, 5.3387e-09): lin 4 (3.0e-13)
-------------------------------------------------------------------------------------------------------------
 T = 0.00131168, DT = 0.000437894, NI = 2, LI = 10, RES = 1.2e-15 (1.9e-09), CFL=0.024 (ELAPSED 00:00:00 )
-------------------------------------------------------------------------------------------------------------
	 #1 (4.9920e-01, 2.5027e-01): lin 4 (5.6e-12)
	 #2 (3.0921e-08, 1.0425e-08): lin 4 (9.0e-13)
-------------------------------------------------------------------------------------------------------------
 T = 0.00196852, DT = 0.000656841, NI = 2, LI = 8, RES = 1.4e-15 (1.9e-09), CFL=0.036 (ELAPSED 00:00:00 )
-------------------------------------------------------------------------------------------------------------
	 #1 (4.9865e-01, 2.9342e-01): lin 4 (1.2e-12)
	 #2 (4.6292e-08, 2.2166e-08): lin 4 (2.6e-12)
-------------------------------------------------------------------------------------------------------------
 T = 0.00295378, DT = 0.000985261, NI = 2, LI = 8, RES = 2.0e-15 (1.9e-09), CFL=0.054 (ELAPSED 00:00:00 )
-------------------------------------------------------------------------------------------------------------
	 #1 (4.9794e-01, 3.2578e-01): lin 4 (2.4e-12)
	 #2 (6.9279e-08, 4.1655e-08): lin 4 (6.3e-13)
-------------------------------------------------------------------------------------------------------------
 T = 0.00443168, DT = 0.00147789, NI = 2, LI = 8, RES = 4.0e-15 (1.9e-09), CFL=0.081 (ELAPSED 00:00:00 )
-------------------------------------------------------------------------------------------------------------
	 #1 (4.9698e-01, 3.4573e-01): lin 4 (2.7e-12)
	 #2 (1.0359e-07, 7.0556e-08): lin 4 (1.9e-12)
-------------------------------------------------------------------------------------------------------------
 T = 0.00664851, DT = 0.00221684, NI = 2, LI = 8, RES = 2.6e-15 (1.9e-09), CFL=0.122 (ELAPSED 00:00:00 )
-------------------------------------------------------------------------------------------------------------
	 #1 (4.9560e-01, 3.5625e-01): lin 4 (2.5e-12)
	 #2 (1.5457e-07, 1.1224e-07): lin 4 (7.8e-12)
-------------------------------------------------------------------------------------------------------------
 T = 0.00997377, DT = 0.00332526, NI = 2, LI = 8, RES = 7.8e-15 (1.9e-09), CFL=0.183 (ELAPSED 00:00:00 )
-------------------------------------------------------------------------------------------------------------
	 #1 (4.9351e-01, 3.6232e-01): lin 4 (1.8e-12)
	 #2 (2.2993e-07, 1.7296e-07): lin 4 (1.8e-12)
-------------------------------------------------------------------------------------------------------------
 T = 0.0149617, DT = 0.00498789, NI = 2, LI = 8, RES = 9.0e-15 (1.9e-09), CFL=0.275 (ELAPSED 00:00:00 )
-------------------------------------------------------------------------------------------------------------
	 #1 (4.9023e-01, 3.6798e-01): lin 4 (8.7e-13)
	 #2 (3.4057e-07, 2.6580e-07): lin 4 (7.1e-12)
-------------------------------------------------------------------------------------------------------------
 T = 0.0224435, DT = 0.00748183, NI = 2, LI = 8, RES = 8.2e-15 (1.9e-09), CFL=0.412 (ELAPSED 00:00:00 )
-------------------------------------------------------------------------------------------------------------
	 #1 (4.8503e-01, 3.7574e-01): lin 4 (1.2e-12)
	 #2 (1.4525e-06, 1.7852e-06): lin 4 (4.3e-12)
-------------------------------------------------------------------------------------------------------------
 T = 0.0336662, DT = 0.0112227, NI = 2, LI = 8, RES = 2.2e-14 (1.9e-09), CFL=0.618 (ELAPSED 00:00:00 )
-------------------------------------------------------------------------------------------------------------
	 #1 (4.7665e-01, 3.8728e-01): lin 4 (2.2e-12)
	 #2 (7.6641e-07, 6.4641e-07): lin 5 (1.8e-13)
-------------------------------------------------------------------------------------------------------------
 T = 0.0505003, DT = 0.0168341, NI = 2, LI = 9, RES = 3.3e-14 (2.3e-09), CFL=0.927 (ELAPSED 00:00:00 )
-------------------------------------------------------------------------------------------------------------
	 #1 (3.6645e-01, 3.1936e-01): lin 4 (3.1e-12)
	 #2 (1.4665e-06, 1.3063e-06): lin 5 (2.4e-13)
-------------------------------------------------------------------------------------------------------------
 T = 0.0705003, DT = 0.02, NI = 2, LI = 9, RES = 4.5e-14 (2.0e-09), CFL=1.101 (ELAPSED 00:00:00 )
-------------------------------------------------------------------------------------------------------------
	 #1 (2.5125e-01, 2.3647e-01): lin 4 (3.7e-12)
	 #2 (4.9167e-07, 1.8933e-06): lin 5 (1.4e-13)
-------------------------------------------------------------------------------------------------------------
 T = 0.0905003, DT = 0.02, NI = 2, LI = 9, RES = 4.5e-14 (2.1e-09), CFL=1.101 (ELAPSED 00:00:00 )
-------------------------------------------------------------------------------------------------------------
	 #1 (1.8552e-01, 1.8707e-01): lin 4 (4.1e-12)
	 #2 (8.3351e-07, 4.2324e-07): lin 5 (2.6e-13)
-------------------------------------------------------------------------------------------------------------
 T = 0.1105, DT = 0.02, NI = 2, LI = 9, RES = 4.8e-14 (2.2e-09), CFL=1.101 (ELAPSED 00:00:00 )
-------------------------------------------------------------------------------------------------------------
	 #1 (1.4273e-01, 1.5290e-01): lin 4 (4.6e-12)
	 #2 (7.2816e-07, 6.4663e-07): lin 5 (1.2e-13)
-------------------------------------------------------------------------------------------------------------
 T = 0.1305, DT = 0.02, NI = 2, LI = 9, RES = 3.2e-14 (2.0e-09), CFL=1.101 (ELAPSED 00:00:00 )
-------------------------------------------------------------------------------------------------------------
	 #1 (1.1257e-01, 1.2706e-01): lin 4 (5.2e-12)
	 #2 (3.4652e-07, 1.3913e-06): lin 5 (3.5e-13)
-------------------------------------------------------------------------------------------------------------
 T = 0.1505, DT = 0.02, NI = 2, LI = 9, RES = 3.6e-14 (2.5e-09), CFL=1.101 (ELAPSED 00:00:00 )
-------------------------------------------------------------------------------------------------------------
	 #1 (9.0175e-02, 1.0642e-01): lin 4 (5.9e-12)
	 #2 (7.8517e-07, 2.0628e-07): lin 5 (2.0e-13)
-------------------------------------------------------------------------------------------------------------
 T = 0.1705, DT = 0.02, NI = 2, LI = 9, RES = 3.5e-14 (2.0e-09), CFL=1.101 (ELAPSED 00:00:00 )
-------------------------------------------------------------------------------------------------------------
	 #1 (7.2966e-02, 8.9422e-02): lin 4 (6.7e-12)
	 #2 (3.1385e-07, 1.5935e-07): lin 5 (1.1e-13)
-------------------------------------------------------------------------------------------------------------
 T = 0.1905, DT = 0.02, NI = 2, LI = 9, RES = 2.9e-14 (2.9e-09), CFL=1.101 (ELAPSED 00:00:00 )
-------------------------------------------------------------------------------------------------------------
	 #1 (5.9428e-02, 7.5170e-02): lin 4 (7.8e-12)
	 #2 (3.6741e-07, 2.4137e-07): lin 5 (1.7e-13)
-------------------------------------------------------------------------------------------------------------
 T = 0.2105, DT = 0.02, NI = 2, LI = 9, RES = 3.8e-14 (2.0e-09), CFL=1.101 (ELAPSED 00:00:00 )
-------------------------------------------------------------------------------------------------------------
	 #1 (4.8607e-02, 6.3119e-02): lin 4 (9.0e-12)
	 #2 (1.9642e-07, 8.9341e-08): lin 5 (1.6e-13)
-------------------------------------------------------------------------------------------------------------
 T = 0.2305, DT = 0.02, NI = 2, LI = 9, RES = 3.2e-14 (2.6e-09), CFL=1.101 (ELAPSED 00:00:00 )
-------------------------------------------------------------------------------------------------------------
	 #1 (3.9863e-02, 5.2896e-02): lin 5 (9.7e-14)
	 #2 (3.8237e-08, 6.3246e-08): lin 5 (3.1e-13)
-------------------------------------------------------------------------------------------------------------
 T = 0.2505, DT = 0.02, NI = 2, LI = 10, RES = 3.9e-14 (2.1e-09), CFL=1.101 (ELAPSED 00:00:00 )
-------------------------------------------------------------------------------------------------------------
	 #1 (3.2746e-02, 4.4221e-02): lin 5 (1.1e-13)
	 #2 (2.1697e-07, 1.6780e-07): lin 5 (2.0e-13)
-------------------------------------------------------------------------------------------------------------
 T = 0.2705, DT = 0.02, NI = 2, LI = 10, RES = 4.1e-14 (2.4e-09), CFL=1.101 (ELAPSED 00:00:00 )
-------------------------------------------------------------------------------------------------------------
	 #1 (2.6923e-02, 3.6873e-02): lin 5 (2.2e-13)
	 #2 (9.7943e-08, 3.1803e-08): lin 5 (3.6e-13)
-------------------------------------------------------------------------------------------------------------
 T = 0.2905, DT = 0.02, NI = 2, LI = 10, RES = 4.9e-14 (2.3e-09), CFL=1.101 (ELAPSED 00:00:00 )
-------------------------------------------------------------------------------------------------------------
	 #1 (2.2145e-02, 3.0666e-02): lin 5 (2.6e-13)
	 #2 (1.2582e-07, 2.4270e-08): lin 4 (8.0e-12)
-------------------------------------------------------------------------------------------------------------
 T = 0.3105, DT = 0.02, NI = 2, LI = 9, RES = 4.1e-14 (2.2e-09), CFL=1.101 (ELAPSED 00:00:00 )
-------------------------------------------------------------------------------------------------------------
	 #1 (1.8216e-02, 2.5439e-02): lin 5 (1.8e-13)
	 #2 (5.9005e-08, 1.4770e-08): lin 5 (9.2e-14)
-------------------------------------------------------------------------------------------------------------
 T = 0.3305, DT = 0.02, NI = 2, LI = 10, RES = 4.1e-14 (2.6e-09), CFL=1.101 (ELAPSED 00:00:00 )
-------------------------------------------------------------------------------------------------------------
	 #1 (1.4983e-02, 2.1052e-02): lin 5 (2.1e-13)
	 #2 (6.5020e-09, 1.1960e-08): lin 5 (2.0e-13)
-------------------------------------------------------------------------------------------------------------
 T = 0.3505, DT = 0.02, NI = 2, LI = 10, RES = 3.5e-14 (2.1e-09), CFL=1.101 (ELAPSED 00:00:00 )
-------------------------------------------------------------------------------------------------------------
	 #1 (1.2319e-02, 1.7383e-02): lin 5 (4.4e-13)
	 #2 (4.4935e-09, 5.4135e-08): lin 4 (1.7e-12)
-------------------------------------------------------------------------------------------------------------
 T = 0.3705, DT = 0.02, NI = 2, LI = 9, RES = 4.1e-14 (2.9e-09), CFL=1.101 (ELAPSED 00:00:00 )
-------------------------------------------------------------------------------------------------------------
	 #1 (1.0125e-02, 1.4324e-02): lin 5 (3.1e-13)
	 #2 (2.8497e-09, 4.5587e-08): lin 5 (2.2e-13)
-------------------------------------------------------------------------------------------------------------
 T = 0.3905, DT = 0.02, NI = 2, LI = 10, RES = 3.6e-14 (2.0e-09), CFL=1.101 (ELAPSED 00:00:00 )
-------------------------------------------------------------------------------------------------------------
	 #1 (8.3183e-03, 1.1781e-02): lin 5 (3.7e-13)
	 #2 (2.1231e-09, 2.1829e-06): lin 5 (1.4e-13)
-------------------------------------------------------------------------------------------------------------
 T = 0.4105, DT = 0.02, NI = 2, LI = 10, RES = 2.8e-14 (3.0e-09), CFL=1.101 (ELAPSED 00:00:00 )
-------------------------------------------------------------------------------------------------------------
	 #1 (6.8305e-03, 9.6726e-03): lin 5 (4.5e-13)
	 #2 (4.0198e-08, 2.8660e-09): lin 5 (1.8e-13)
-------------------------------------------------------------------------------------------------------------
 T = 0.4305, DT = 0.02, NI = 2, LI = 10, RES = 3.8e-14 (2.1e-09), CFL=1.101 (ELAPSED 00:00:00 )
-------------------------------------------------------------------------------------------------------------
	 #1 (5.6059e-03, 7.9296e-03): lin 5 (5.4e-13)
-------------------------------------------------------------------------------------------------------------
 T = 0.4505, DT = 0.02, NI = 1, LI = 5, RES = 9.9e-10 (3.9e-09), CFL=1.101 (ELAPSED 00:00:00 )
-------------------------------------------------------------------------------------------------------------
	 #1 (4.5984e-03, 6.4916e-03): lin 5 (1.1e-12)
	 #2 (2.1138e-08, 2.0829e-09): lin 5 (2.8e-13)
-------------------------------------------------------------------------------------------------------------
 T = 0.4705, DT = 0.02, NI = 2, LI = 10, RES = 2.8e-14 (2.3e-09), CFL=1.101 (ELAPSED 00:00:00 )
-------------------------------------------------------------------------------------------------------------
	 #1 (3.7697e-03, 5.3077e-03): lin 5 (1.4e-12)
-------------------------------------------------------------------------------------------------------------
 T = 0.4905, DT = 0.02, NI = 1, LI = 5, RES = 4.6e-10 (2.9e-09), CFL=1.101 (ELAPSED 00:00:00 )
-------------------------------------------------------------------------------------------------------------
	 #1 (3.0886e-03, 4.3345e-03): lin 5 (1.7e-12)
-------------------------------------------------------------------------------------------------------------
 T = 0.5105, DT = 0.02, NI = 1, LI = 5, RES = 3.1e-10 (2.3e-09), CFL=1.101 (ELAPSED 00:00:00 )
-------------------------------------------------------------------------------------------------------------
	 #1 (2.5288e-03, 3.5359e-03): lin 5 (1.2e-12)
-------------------------------------------------------------------------------------------------------------
 T = 0.5305, DT = 0.02, NI = 1, LI = 5, RES = 2.1e-10 (2.4e-09), CFL=1.101 (ELAPSED 00:00:00 )
-------------------------------------------------------------------------------------------------------------
	 #1 (2.0689e-03, 2.8813e-03): lin 5 (2.5e-12)
-------------------------------------------------------------------------------------------------------------
 T = 0.5505, DT = 0.02, NI = 1, LI = 5, RES = 1.4e-10 (2.7e-09), CFL=1.101 (ELAPSED 00:00:00 )
-------------------------------------------------------------------------------------------------------------
	 #1 (1.6913e-03, 2.3453e-03): lin 5 (1.7e-12)
-------------------------------------------------------------------------------------------------------------
 T = 0.5705, DT = 0.02, NI = 1, LI = 5, RES = 9.6e-11 (2.2e-09), CFL=1.101 (ELAPSED 00:00:00 )
-------------------------------------------------------------------------------------------------------------
	 #1 (1.3813e-03, 1.9069e-03): lin 5 (3.7e-12)
-------------------------------------------------------------------------------------------------------------
 T = 0.5905, DT = 0.02, NI = 1, LI = 5, RES = 6.5e-11 (3.1e-09), CFL=1.101 (ELAPSED 00:00:00 )
-------------------------------------------------------------------------------------------------------------
	 #1 (1.1268e-03, 1.5485e-03): lin 5 (2.7e-12)
-------------------------------------------------------------------------------------------------------------
 T = 0.6105, DT = 0.02, NI = 1, LI = 5, RES = 4.3e-11 (2.1e-09), CFL=1.101 (ELAPSED 00:00:00 )
-------------------------------------------------------------------------------------------------------------
	 #1 (9.1798e-04, 1.2557e-03): lin 5 (5.6e-12)
-------------------------------------------------------------------------------------------------------------
 T = 0.6305, DT = 0.02, NI = 1, LI = 5, RES = 2.9e-11 (2.9e-09), CFL=1.101 (ELAPSED 00:00:00 )
-------------------------------------------------------------------------------------------------------------
	 #1 (7.4667e-04, 1.0166e-03): lin 5 (6.8e-12)
-------------------------------------------------------------------------------------------------------------
 T = 0.6505, DT = 0.02, NI = 1, LI = 5, RES = 1.9e-11 (2.3e-09), CFL=1.101 (ELAPSED 00:00:00 )
-------------------------------------------------------------------------------------------------------------
	 #1 (6.0616e-04, 8.2149e-04): lin 5 (4.8e-12)
-------------------------------------------------------------------------------------------------------------
 T = 0.6705, DT = 0.02, NI = 1, LI = 5, RES = 1.3e-11 (2.6e-09), CFL=1.101 (ELAPSED 00:00:00 )
-------------------------------------------------------------------------------------------------------------
	 #1 (4.9093e-04, 6.6225e-04): lin 5 (6.1e-12)
-------------------------------------------------------------------------------------------------------------
 T = 0.6905, DT = 0.02, NI = 1, LI = 5, RES = 8.5e-12 (2.5e-09), CFL=1.101 (ELAPSED 00:00:00 )
-------------------------------------------------------------------------------------------------------------
	 #1 (3.9647e-04, 5.3232e-04): lin 5 (7.5e-12)
-------------------------------------------------------------------------------------------------------------
 T = 0.7105, DT = 0.02, NI = 1, LI = 5, RES = 5.6e-12 (2.4e-09), CFL=1.101 (ELAPSED 00:00:00 )
-------------------------------------------------------------------------------------------------------------
	 #1 (3.1906e-04, 4.2632e-04): lin 6 (1.6e-11) NC
-------------------------------------------------------------------------------------------------------------
 T = 0.7305, DT = 0.02, NI = 1, LI = 6, RES = 3.7e-12 (2.8e-09), CFL=1.101 (ELAPSED 00:00:00 )
-------------------------------------------------------------------------------------------------------------
	 #1 (2.5566e-04, 3.3985e-04): lin 6 (1.2e-13)
-------------------------------------------------------------------------------------------------------------
 T = 0.7505, DT = 0.02, NI = 1, LI = 6, RES = 2.4e-12 (2.2e-09), CFL=1.101 (ELAPSED 00:00:00 )
-------------------------------------------------------------------------------------------------------------
	 #1 (2.0378e-04, 2.6932e-04): lin 6 (3.8e-13)
-------------------------------------------------------------------------------------------------------------
 T = 0.7705, DT = 0.02, NI = 1, LI = 6, RES = 1.5e-12 (3.1e-09), CFL=1.101 (ELAPSED 00:00:00 )
-------------------------------------------------------------------------------------------------------------
	 #1 (1.6139e-04, 2.1177e-04): lin 6 (4.7e-13)
-------------------------------------------------------------------------------------------------------------
 T = 0.7905, DT = 0.02, NI = 1, LI = 6, RES = 9.7e-13 (2.2e-09), CFL=1.101 (ELAPSED 00:00:00 )
-------------------------------------------------------------------------------------------------------------
	 #1 (1.2682e-04, 1.6483e-04): lin 7 (3.3e-11) NC
-------------------------------------------------------------------------------------------------------------
 T = 0.8105, DT = 0.02, NI = 1, LI = 7, RES = 6.0e-13 (3.0e-09), CFL=1.101 (ELAPSED 00:00:00 )
-------------------------------------------------------------------------------------------------------------
	 #1 (9.8754e-05, 1.2653e-04): lin 7 (4.2e-11) NC
-------------------------------------------------------------------------------------------------------------
 T = 0.8305, DT = 0.02, NI = 1, LI = 7, RES = 3.7e-13 (2.3e-09), CFL=1.101 (ELAPSED 00:00:00 )
-------------------------------------------------------------------------------------------------------------
	 #1 (7.6127e-05, 9.5274e-05): lin 6 (8.9e-13)
-------------------------------------------------------------------------------------------------------------
 T = 0.8505, DT = 0.02, NI = 1, LI = 6, RES = 2.1e-13 (2.7e-09), CFL=1.101 (ELAPSED 00:00:00 )
-------------------------------------------------------------------------------------------------------------
	 #1 (5.8144e-05, 6.9772e-05): lin 7 (7.0e-11) NC
-------------------------------------------------------------------------------------------------------------
 T = 0.8705, DT = 0.02, NI = 1, LI = 7, RES = 1.3e-13 (5.4e-08), CFL=1.101 (ELAPSED 00:00:00 )
-------------------------------------------------------------------------------------------------------------
	 #1 (4.4255e-05, 4.8954e-05): lin 5 (8.0e-12)
-------------------------------------------------------------------------------------------------------------
 T = 0.8905, DT = 0.02, NI = 1, LI = 5, RES = 7.2e-14 (2.5e-09), CFL=1.101 (ELAPSED 00:00:00 )
-------------------------------------------------------------------------------------------------------------
	 #1 (3.4163e-05, 3.1965e-05): lin 7 (1.1e-10) NC
-------------------------------------------------------------------------------------------------------------
 T = 0.9105, DT = 0.02, NI = 1, LI = 7, RES = 4.0e-14 (2.7e-09), CFL=1.101 (ELAPSED 00:00:00 )
-------------------------------------------------------------------------------------------------------------
	 #1 (2.7745e-05, 1.8092e-05): lin 7 (2.6e-10) NC
-------------------------------------------------------------------------------------------------------------
 T = 0.9305, DT = 0.02, NI = 1, LI = 7, RES = 3.4e-14 (2.4e-09), CFL=1.101 (ELAPSED 00:00:00 )
-------------------------------------------------------------------------------------------------------------
	 #1 (2.4758e-05, 6.7690e-06): lin 7 (1.4e-10) NC
-------------------------------------------------------------------------------------------------------------
 T = 0.9505, DT = 0.02, NI = 1, LI = 7, RES = 2.9e-14 (3.1e-09), CFL=1.101 (ELAPSED 00:00:00 )
-------------------------------------------------------------------------------------------------------------
	 #1 (2.4449e-05, 2.4808e-06): lin 6 (2.3e-12)
-------------------------------------------------------------------------------------------------------------
 T = 0.9705, DT = 0.02, NI = 1, LI = 6, RES = 4.8e-14 (2.3e-09), CFL=1.101 (ELAPSED 00:00:00 )
-------------------------------------------------------------------------------------------------------------
	 #1 (2.5717e-05, 1.0030e-05): lin 7 (1.4e-10) NC
-------------------------------------------------------------------------------------------------------------
 T = 0.9905, DT = 0.02, NI = 1, LI = 7, RES = 4.5e-14 (3.2e-09), CFL=1.101 (ELAPSED 00:00:00 )
-------------------------------------------------------------------------------------------------------------
	 #1 (2.7650e-05, 1.6196e-05): lin 7 (2.5e-10) NC
-------------------------------------------------------------------------------------------------------------
 T = 1.0105, DT = 0.02, NI = 1, LI = 7, RES = 3.6e-14 (2.3e-09), CFL=1.101 (ELAPSED 00:00:00 )
-------------------------------------------------------------------------------------------------------------
	 #1 (2.9720e-05, 2.1236e-05): lin 7 (1.2e-10) NC
-------------------------------------------------------------------------------------------------------------
 T = 1.0305, DT = 0.02, NI = 1, LI = 7, RES = 4.1e-14 (2.9e-09), CFL=1.101 (ELAPSED 00:00:00 )
-------------------------------------------------------------------------------------------------------------
	 #1 (3.1678e-05, 2.5349e-05): lin 6 (8.4e-13)
-------------------------------------------------------------------------------------------------------------
 T = 1.0505, DT = 0.02, NI = 1, LI = 6, RES = 4.3e-14 (5.4e-08), CFL=1.101 (ELAPSED 00:00:00 )
-------------------------------------------------------------------------------------------------------------
	 #1 (3.3427e-05, 2.8713e-05): lin 5 (8.0e-12)
-------------------------------------------------------------------------------------------------------------
 T = 1.0705, DT = 0.02, NI = 1, LI = 5, RES = 4.1e-14 (2.6e-09), CFL=1.101 (ELAPSED 00:00:00 )
-------------------------------------------------------------------------------------------------------------
	 #1 (3.4942e-05, 3.1458e-05): lin 6 (1.8e-12)
-------------------------------------------------------------------------------------------------------------
 T = 1.0905, DT = 0.02, NI = 1, LI = 6, RES = 4.4e-14 (2.7e-09), CFL=1.101 (ELAPSED 00:00:00 )
-------------------------------------------------------------------------------------------------------------
	 #1 (3.6231e-05, 3.3705e-05): lin 6 (7.1e-13)
-------------------------------------------------------------------------------------------------------------
 T = 1.1105, DT = 0.02, NI = 1, LI = 6, RES = 4.0e-14 (2.5e-09), CFL=1.101 (ELAPSED 00:00:00 )
-------------------------------------------------------------------------------------------------------------
	 #1 (3.7315e-05, 3.5536e-05): lin 6 (6.1e-13)
-------------------------------------------------------------------------------------------------------------
 T = 1.1305, DT = 0.02, NI = 1, LI = 6, RES = 4.1e-14 (3.0e-09), CFL=1.101 (ELAPSED 00:00:00 )
-------------------------------------------------------------------------------------------------------------
	 #1 (3.8220e-05, 3.7037e-05): lin 6 (1.7e-12)
-------------------------------------------------------------------------------------------------------------
 T = 1.1505, DT = 0.02, NI = 1, LI = 6, RES = 4.4e-14 (2.4e-09), CFL=1.101 (ELAPSED 00:00:00 )
-------------------------------------------------------------------------------------------------------------
	 #1 (3.8973e-05, 3.8260e-05): lin 7 (9.7e-11) NC
-------------------------------------------------------------------------------------------------------------
 T = 1.1705, DT = 0.02, NI = 1, LI = 7, RES = 4.7e-14 (3.3e-09), CFL=1.101 (ELAPSED 00:00:00 )
-------------------------------------------------------------------------------------------------------------
	 #1 (3.9595e-05, 3.9258e-05): lin 6 (1.3e-12)
-------------------------------------------------------------------------------------------------------------
 T = 1.1905, DT = 0.02, NI = 1, LI = 6, RES = 5.3e-14 (2.4e-09), CFL=1.101 (ELAPSED 00:00:00 )
-------------------------------------------------------------------------------------------------------------
	 #1 (4.0109e-05, 4.0079e-05): lin 6 (1.1e-12)
-------------------------------------------------------------------------------------------------------------
 T = 1.2105, DT = 0.02, NI = 1, LI = 6, RES = 5.3e-14 (3.0e-09), CFL=1.101 (ELAPSED 00:00:00 )
-------------------------------------------------------------------------------------------------------------
	 #1 (4.0533e-05, 4.0745e-05): lin 6 (5.8e-13)
-------------------------------------------------------------------------------------------------------------
 T = 1.2305, DT = 0.02, NI = 1, LI = 6, RES = 4.9e-14 (2.5e-09), CFL=1.101 (ELAPSED 00:00:00 )
-------------------------------------------------------------------------------------------------------------
	 #1 (4.0881e-05, 4.1294e-05): lin 7 (9.3e-11) NC
-------------------------------------------------------------------------------------------------------------
 T = 1.2505, DT = 0.02, NI = 1, LI = 7, RES = 5.1e-14 (2.7e-09), CFL=1.101 (ELAPSED 00:00:00 )
-------------------------------------------------------------------------------------------------------------
	 #1 (4.1167e-05, 4.1738e-05): lin 6 (3.1e-12)
-------------------------------------------------------------------------------------------------------------
 T = 1.2705, DT = 0.02, NI = 1, LI = 6, RES = 5.1e-14 (2.8e-09), CFL=1.101 (ELAPSED 00:00:00 )
-------------------------------------------------------------------------------------------------------------
	 #1 (4.1402e-05, 4.2106e-05): lin 6 (5.2e-13)
-------------------------------------------------------------------------------------------------------------
 T = 1.2905, DT = 0.02, NI = 1, LI = 6, RES = 5.4e-14 (2.6e-09), CFL=1.101 (ELAPSED 00:00:00 )
-------------------------------------------------------------------------------------------------------------
	 #1 (4.1595e-05, 4.2402e-05): lin 6 (5.8e-13)
-------------------------------------------------------------------------------------------------------------
 T = 1.3105, DT = 0.02, NI = 1, LI = 6, RES = 5.6e-14 (3.0e-09), CFL=1.101 (ELAPSED 00:00:00 )
-------------------------------------------------------------------------------------------------------------
	 #1 (4.1753e-05, 4.2648e-05): lin 6 (2.9e-12)
-------------------------------------------------------------------------------------------------------------
 T = 1.3305, DT = 0.02, NI = 1, LI = 6, RES = 5.0e-14 (2.5e-09), CFL=1.101 (ELAPSED 00:00:00 )
-------------------------------------------------------------------------------------------------------------
	 #1 (4.1882e-05, 4.2846e-05): lin 7 (9.1e-11) NC
-------------------------------------------------------------------------------------------------------------
 T = 1.3505, DT = 0.02, NI = 1, LI = 7, RES = 5.1e-14 (3.4e-09), CFL=1.101 (ELAPSED 00:00:00 )
-------------------------------------------------------------------------------------------------------------
	 #1 (4.1988e-05, 4.3011e-05): lin 7 (9.0e-11) NC
-------------------------------------------------------------------------------------------------------------
 T = 1.3705, DT = 0.02, NI = 1, LI = 7, RES = 5.7e-14 (2.5e-09), CFL=1.101 (ELAPSED 00:00:00 )
-------------------------------------------------------------------------------------------------------------
	 #1 (4.2075e-05, 4.3142e-05): lin 6 (1.5e-12)
-------------------------------------------------------------------------------------------------------------
 T = 1.3905, DT = 0.02, NI = 1, LI = 6, RES = 5.8e-14 (3.1e-09), CFL=1.101 (ELAPSED 00:00:00 )
-------------------------------------------------------------------------------------------------------------
	 #1 (4.2146e-05, 4.3249e-05): lin 7 (9.0e-11) NC
-------------------------------------------------------------------------------------------------------------
 T = 1.4105, DT = 0.02, NI = 1, LI = 7, RES = 5.1e-14 (2.6e-09), CFL=1.101 (ELAPSED 00:00:00 )
-------------------------------------------------------------------------------------------------------------
	 #1 (4.2204e-05, 4.3340e-05): lin 7 (9.0e-11) NC
-------------------------------------------------------------------------------------------------------------
 T = 1.4305, DT = 0.02, NI = 1, LI = 7, RES = 5.5e-14 (2.8e-09), CFL=1.101 (ELAPSED 00:00:00 )
-------------------------------------------------------------------------------------------------------------
	 #1 (4.2252e-05, 4.3411e-05): lin 7 (9.0e-11) NC
-------------------------------------------------------------------------------------------------------------
 T = 1.4505, DT = 0.02, NI = 1, LI = 7, RES = 5.8e-14 (2.8e-09), CFL=1.101 (ELAPSED 00:00:00 )
-------------------------------------------------------------------------------------------------------------
	 #1 (4.2291e-05, 4.3473e-05): lin 7 (1.8e-10) NC
-------------------------------------------------------------------------------------------------------------
 T = 1.4705, DT = 0.02, NI = 1, LI = 7, RES = 5.8e-14 (2.6e-09), CFL=1.101 (ELAPSED 00:00:00 )
-------------------------------------------------------------------------------------------------------------
	 #1 (4.2322e-05, 4.3519e-05): lin 6 (1.5e-12)
-------------------------------------------------------------------------------------------------------------
 T = 1.4905, DT = 0.02, NI = 1, LI = 6, RES = 5.7e-14 (3.1e-09), CFL=1.101 (ELAPSED 00:00:00 )
-------------------------------------------------------------------------------------------------------------
	 #1 (4.2348e-05, 4.3561e-05): lin 6 (1.1e-12)
-------------------------------------------------------------------------------------------------------------
 T = 1.5105, DT = 0.02, NI = 1, LI = 6, RES = 6.6e-14 (2.5e-09), CFL=1.101 (ELAPSED 00:00:00 )
-------------------------------------------------------------------------------------------------------------
	 #1 (4.2370e-05, 4.3592e-05): lin 7 (9.0e-11) NC
-------------------------------------------------------------------------------------------------------------
 T = 1.5305, DT = 0.02, NI = 1, LI = 7, RES = 5.7e-14 (3.4e-09), CFL=1.101 (ELAPSED 00:00:00 )
-------------------------------------------------------------------------------------------------------------
	 #1 (4.2387e-05, 4.3621e-05): lin 6 (1.6e-12)
-------------------------------------------------------------------------------------------------------------
 T = 1.5505, DT = 0.02, NI = 1, LI = 6, RES = 5.8e-14 (2.5e-09), CFL=1.101 (ELAPSED 00:00:00 )
-------------------------------------------------------------------------------------------------------------
	 #1 (4.2401e-05, 4.3640e-05): lin 6 (1.5e-12)
-------------------------------------------------------------------------------------------------------------
 T = 1.5705, DT = 0.02, NI = 1, LI = 6, RES = 5.9e-14 (3.2e-09), CFL=1.101 (ELAPSED 00:00:00 )
-------------------------------------------------------------------------------------------------------------
	 #1 (4.2413e-05, 4.3656e-05): lin 7 (8.9e-11) NC
-------------------------------------------------------------------------------------------------------------
 T = 1.5905, DT = 0.02, NI = 1, LI = 7, RES = 5.7e-14 (2.7e-09), CFL=1.101 (ELAPSED 00:00:00 )
-------------------------------------------------------------------------------------------------------------
	 #1 (4.2422e-05, 4.3673e-05): lin 6 (5.9e-13)
-------------------------------------------------------------------------------------------------------------
 T = 1.6105, DT = 0.02, NI = 1, LI = 6, RES = 5.6e-14 (2.9e-09), CFL=1.101 (ELAPSED 00:00:00 )
-------------------------------------------------------------------------------------------------------------
	 #1 (4.2430e-05, 4.3683e-05): lin 6 (1.6e-12)
-------------------------------------------------------------------------------------------------------------
 T = 1.6305, DT = 0.02, NI = 1, LI = 6, RES = 6.5e-14 (2.9e-09), CFL=1.101 (ELAPSED 00:00:00 )
-------------------------------------------------------------------------------------------------------------
	 #1 (4.2437e-05, 4.3695e-05): lin 7 (8.9e-11) NC
-------------------------------------------------------------------------------------------------------------
 T = 1.6505, DT = 0.02, NI = 1, LI = 7, RES = 6.6e-14 (2.7e-09), CFL=1.101 (ELAPSED 00:00:00 )
-------------------------------------------------------------------------------------------------------------
	 #1 (4.2442e-05, 4.3701e-05): lin 6 (2.0e-12)
-------------------------------------------------------------------------------------------------------------
 T = 1.6705, DT = 0.02, NI = 1, LI = 6, RES = 6.2e-14 (3.1e-09), CFL=1.101 (ELAPSED 00:00:00 )
-------------------------------------------------------------------------------------------------------------
	 #1 (4.2446e-05, 4.3710e-05): lin 7 (8.9e-11) NC
-------------------------------------------------------------------------------------------------------------
 T = 1.6905, DT = 0.02, NI = 1, LI = 7, RES = 5.7e-14 (2.6e-09), CFL=1.101 (ELAPSED 00:00:00 )
-------------------------------------------------------------------------------------------------------------
	 #1 (4.2449e-05, 4.3713e-05): lin 6 (6.4e-13)
-------------------------------------------------------------------------------------------------------------
 T = 1.7105, DT = 0.02, NI = 1, LI = 6, RES = 5.5e-14 (3.5e-09), CFL=1.101 (ELAPSED 00:00:00 )
-------------------------------------------------------------------------------------------------------------
	 #1 (4.2452e-05, 4.3720e-05): lin 6 (1.5e-12)
-------------------------------------------------------------------------------------------------------------
 T = 1.7305, DT = 0.02, NI = 1, LI = 6, RES = 6.1e-14 (5.3e-08), CFL=1.101 (ELAPSED 00:00:00 )
-------------------------------------------------------------------------------------------------------------
	 #1 (4.2455e-05, 4.3721e-05): lin 5 (8.1e-12)
-------------------------------------------------------------------------------------------------------------
 T = 1.7505, DT = 0.02, NI = 1, LI = 5, RES = 5.8e-14 (3.3e-09), CFL=1.101 (ELAPSED 00:00:00 )
-------------------------------------------------------------------------------------------------------------
	 #1 (4.2456e-05, 4.3722e-05): lin 7 (8.9e-11) NC
-------------------------------------------------------------------------------------------------------------
 T = 1.7705, DT = 0.02, NI = 1, LI = 7, RES = 5.7e-14 (2.7e-09), CFL=1.101 (ELAPSED 00:00:00 )
-------------------------------------------------------------------------------------------------------------
	 #1 (4.2458e-05, 4.3727e-05): lin 7 (8.9e-11) NC
-------------------------------------------------------------------------------------------------------------
 T = 1.7905, DT = 0.02, NI = 1, LI = 7, RES = 5.6e-14 (3.0e-09), CFL=1.101 (ELAPSED 00:00:00 )
-------------------------------------------------------------------------------------------------------------
	 #1 (4.2459e-05, 4.3727e-05): lin 7 (8.9e-11) NC
-------------------------------------------------------------------------------------------------------------
 T = 1.8105, DT = 0.02, NI = 1, LI = 7, RES = 6.0e-14 (2.9e-09), CFL=1.101 (ELAPSED 00:00:00 )
-------------------------------------------------------------------------------------------------------------
	 #1 (4.2460e-05, 4.3731e-05): lin 6 (6.5e-13)
-------------------------------------------------------------------------------------------------------------
 T = 1.8305, DT = 0.02, NI = 1, LI = 6, RES = 5.2e-14 (2.8e-09), CFL=1.101 (ELAPSED 00:00:00 )
-------------------------------------------------------------------------------------------------------------
	 #1 (4.2461e-05, 4.3730e-05): lin 7 (8.9e-11) NC
-------------------------------------------------------------------------------------------------------------
 T = 1.8505, DT = 0.02, NI = 1, LI = 7, RES = 6.2e-14 (3.2e-09), CFL=1.101 (ELAPSED 00:00:00 )
-------------------------------------------------------------------------------------------------------------
	 #1 (4.2462e-05, 4.3734e-05): lin 6 (1.5e-12)
-------------------------------------------------------------------------------------------------------------
 T = 1.8705, DT = 0.02, NI = 1, LI = 6, RES = 6.0e-14 (5.3e-08), CFL=1.101 (ELAPSED 00:00:00 )
-------------------------------------------------------------------------------------------------------------
	 #1 (4.2462e-05, 4.3733e-05): lin 5 (8.1e-12)
-------------------------------------------------------------------------------------------------------------
 T = 1.8905, DT = 0.02, NI = 1, LI = 5, RES = 6.3e-14 (3.6e-09), CFL=1.101 (ELAPSED 00:00:00 )
-------------------------------------------------------------------------------------------------------------
	 #1 (4.2463e-05, 4.3736e-05): lin 7 (1.8e-10) NC
-------------------------------------------------------------------------------------------------------------
 T = 1.9105, DT = 0.02, NI = 1, LI = 7, RES = 5.6e-14 (2.7e-09), CFL=1.101 (ELAPSED 00:00:00 )
-------------------------------------------------------------------------------------------------------------
	 #1 (4.2463e-05, 4.3734e-05): lin 6 (1.6e-12)
-------------------------------------------------------------------------------------------------------------
 T = 1.9305, DT = 0.02, NI = 1, LI = 6, RES = 5.9e-14 (3.3e-09), CFL=1.101 (ELAPSED 00:00:00 )
-------------------------------------------------------------------------------------------------------------
	 #1 (4.2464e-05, 4.3733e-05): lin 6 (1.5e-12)
-------------------------------------------------------------------------------------------------------------
 T = 1.9505, DT = 0.02, NI = 1, LI = 6, RES = 6.6e-14 (2.8e-09), CFL=1.101 (ELAPSED 00:00:00 )
-------------------------------------------------------------------------------------------------------------
	 #1 (4.2464e-05, 4.3736e-05): lin 7 (8.8e-11) NC
-------------------------------------------------------------------------------------------------------------
 T = 1.9705, DT = 0.02, NI = 1, LI = 7, RES = 6.3e-14 (3.0e-09), CFL=1.101 (ELAPSED 00:00:00 )
-------------------------------------------------------------------------------------------------------------
	 #1 (4.2464e-05, 4.3734e-05): lin 7 (8.8e-11) NC
-------------------------------------------------------------------------------------------------------------
 T = 1.9905, DT = 0.02, NI = 1, LI = 7, RES = 5.6e-14 (3.0e-09), CFL=1.101 (ELAPSED 00:00:00 )
-------------------------------------------------------------------------------------------------------------
	 #1 (4.2464e-05, 4.3737e-05): lin 6 (1.5e-12)
-------------------------------------------------------------------------------------------------------------
 T = 2.0105, DT = 0.02, NI = 1, LI = 6, RES = 5.6e-14 (2.8e-09), CFL=1.101 (ELAPSED 00:00:00 )
-------------------------------------------------------------------------------------------------------------
	 #1 (4.2464e-05, 4.3735e-05): lin 7 (1.8e-10) NC
-------------------------------------------------------------------------------------------------------------
 T = 2.0305, DT = 0.02, NI = 1, LI = 7, RES = 5.5e-14 (3.3e-09), CFL=1.101 (ELAPSED 00:00:00 )
-------------------------------------------------------------------------------------------------------------
	 #1 (4.2464e-05, 4.3738e-05): lin 7 (8.8e-11) NC
-------------------------------------------------------------------------------------------------------------
 T = 2.0505, DT = 0.02, NI = 1, LI = 7, RES = 5.3e-14 (2.8e-09), CFL=1.101 (ELAPSED 00:00:00 )
-------------------------------------------------------------------------------------------------------------
	 #1 (4.2464e-05, 4.3736e-05): lin 7 (8.8e-11) NC
-------------------------------------------------------------------------------------------------------------
 T = 2.0705, DT = 0.02, NI = 1, LI = 7, RES = 5.9e-14 (3.6e-09), CFL=1.101 (ELAPSED 00:00:00 )
-------------------------------------------------------------------------------------------------------------
	 #1 (4.2465e-05, 4.3734e-05): lin 6 (1.5e-12)
-------------------------------------------------------------------------------------------------------------
 T = 2.0905, DT = 0.02, NI = 1, LI = 6, RES = 5.1e-14 (2.8e-09), CFL=1.101 (ELAPSED 00:00:00 )
-------------------------------------------------------------------------------------------------------------
	 #1 (4.2465e-05, 4.3737e-05): lin 6 (9.4e-13)
-------------------------------------------------------------------------------------------------------------
 T = 2.1105, DT = 0.02, NI = 1, LI = 6, RES = 5.1e-14 (3.3e-09), CFL=1.101 (ELAPSED 00:00:00 )
-------------------------------------------------------------------------------------------------------------
	 #1 (4.2465e-05, 4.3735e-05): lin 6 (7.3e-13)
-------------------------------------------------------------------------------------------------------------
 T = 2.1305, DT = 0.02, NI = 1, LI = 6, RES = 5.6e-14 (2.9e-09), CFL=1.101 (ELAPSED 00:00:00 )
-------------------------------------------------------------------------------------------------------------
	 #1 (4.2465e-05, 4.3737e-05): lin 7 (8.8e-11) NC
-------------------------------------------------------------------------------------------------------------
 T = 2.1505, DT = 0.02, NI = 1, LI = 7, RES = 5.6e-14 (3.1e-09), CFL=1.101 (ELAPSED 00:00:00 )
-------------------------------------------------------------------------------------------------------------
	 #1 (4.2465e-05, 4.3735e-05): lin 7 (8.8e-11) NC
-------------------------------------------------------------------------------------------------------------
 T = 2.1705, DT = 0.02, NI = 1, LI = 7, RES = 5.9e-14 (3.1e-09), CFL=1.101 (ELAPSED 00:00:00 )
-------------------------------------------------------------------------------------------------------------
	 #1 (4.2465e-05, 4.3738e-05): lin 7 (8.8e-11) NC
-------------------------------------------------------------------------------------------------------------
 T = 2.1905, DT = 0.02, NI = 1, LI = 7, RES = 5.9e-14 (2.9e-09), CFL=1.101 (ELAPSED 00:00:00 )
-------------------------------------------------------------------------------------------------------------
	 #1 (4.2465e-05, 4.3736e-05): lin 6 (1.6e-12)
-------------------------------------------------------------------------------------------------------------
 T = 2.2105, DT = 0.02, NI = 1, LI = 6, RES = 5.1e-14 (3.4e-09), CFL=1.101 (ELAPSED 00:00:00 )
-------------------------------------------------------------------------------------------------------------
	 #1 (4.2465e-05, 4.3739e-05): lin 7 (8.8e-11) NC
-------------------------------------------------------------------------------------------------------------
 T = 2.2305, DT = 0.02, NI = 1, LI = 7, RES = 5.5e-14 (2.8e-09), CFL=1.101 (ELAPSED 00:00:00 )
-------------------------------------------------------------------------------------------------------------
	 #1 (4.2465e-05, 4.3737e-05): lin 6 (1.6e-12)
-------------------------------------------------------------------------------------------------------------
 T = 2.2505, DT = 0.02, NI = 1, LI = 6, RES = 5.6e-14 (3.6e-09), CFL=1.101 (ELAPSED 00:00:00 )
-------------------------------------------------------------------------------------------------------------
	 #1 (4.2465e-05, 4.3734e-05): lin 6 (1.5e-12)
-------------------------------------------------------------------------------------------------------------
 T = 2.2705, DT = 0.02, NI = 1, LI = 6, RES = 6.8e-14 (2.9e-09), CFL=1.101 (ELAPSED 00:00:00 )
-------------------------------------------------------------------------------------------------------------
	 #1 (4.2465e-05, 4.3737e-05): lin 7 (1.8e-10) NC
-------------------------------------------------------------------------------------------------------------
 T = 2.2905, DT = 0.02, NI = 1, LI = 7, RES = 5.4e-14 (3.3e-09), CFL=1.101 (ELAPSED 00:00:00 )
-------------------------------------------------------------------------------------------------------------
	 #1 (4.2465e-05, 4.3735e-05): lin 7 (8.8e-11) NC
-------------------------------------------------------------------------------------------------------------
 T = 2.3105, DT = 0.02, NI = 1, LI = 7, RES = 6.4e-14 (3.0e-09), CFL=1.101 (ELAPSED 00:00:00 )
-------------------------------------------------------------------------------------------------------------
	 #1 (4.2465e-05, 4.3738e-05): lin 7 (8.8e-11) NC
-------------------------------------------------------------------------------------------------------------
 T = 2.3305, DT = 0.02, NI = 1, LI = 7, RES = 5.6e-14 (3.1e-09), CFL=1.101 (ELAPSED 00:00:00 )
-------------------------------------------------------------------------------------------------------------
	 #1 (4.2465e-05, 4.3736e-05): lin 6 (1.6e-12)
-------------------------------------------------------------------------------------------------------------
 T = 2.3505, DT = 0.02, NI = 1, LI = 6, RES = 5.0e-14 (3.3e-09), CFL=1.101 (ELAPSED 00:00:00 )
-------------------------------------------------------------------------------------------------------------
	 #1 (4.2465e-05, 4.3738e-05): lin 6 (1.4e-12)
-------------------------------------------------------------------------------------------------------------
 T = 2.3705, DT = 0.02, NI = 1, LI = 6, RES = 5.9e-14 (2.9e-09), CFL=1.101 (ELAPSED 00:00:00 )
-------------------------------------------------------------------------------------------------------------
	 #1 (4.2465e-05, 4.3736e-05): lin 7 (8.8e-11) NC
-------------------------------------------------------------------------------------------------------------
 T = 2.3905, DT = 0.02, NI = 1, LI = 7, RES = 6.7e-14 (3.6e-09), CFL=1.101 (ELAPSED 00:00:00 )
-------------------------------------------------------------------------------------------------------------
	 #1 (4.2465e-05, 4.3739e-05): lin 6 (1.6e-12)
-------------------------------------------------------------------------------------------------------------
 T = 2.4105, DT = 0.02, NI = 1, LI = 6, RES = 5.5e-14 (2.9e-09), CFL=1.101 (ELAPSED 00:00:00 )
-------------------------------------------------------------------------------------------------------------
	 #1 (4.2465e-05, 4.3737e-05): lin 7 (8.8e-11) NC
-------------------------------------------------------------------------------------------------------------
 T = 2.4305, DT = 0.02, NI = 1, LI = 7, RES = 5.5e-14 (3.6e-09), CFL=1.101 (ELAPSED 00:00:00 )
-------------------------------------------------------------------------------------------------------------
	 #1 (4.2465e-05, 4.3735e-05): lin 7 (8.7e-11) NC
-------------------------------------------------------------------------------------------------------------
 T = 2.4505, DT = 0.02, NI = 1, LI = 7, RES = 5.5e-14 (3.0e-09), CFL=1.101 (ELAPSED 00:00:00 )
-------------------------------------------------------------------------------------------------------------
	 #1 (4.2465e-05, 4.3737e-05): lin 6 (1.5e-12)
-------------------------------------------------------------------------------------------------------------
 T = 2.4705, DT = 0.02, NI = 1, LI = 6, RES = 6.0e-14 (3.3e-09), CFL=1.101 (ELAPSED 00:00:00 )
-------------------------------------------------------------------------------------------------------------
	 #1 (4.2465e-05, 4.3735e-05): lin 7 (8.7e-11) NC
-------------------------------------------------------------------------------------------------------------
 T = 2.4905, DT = 0.02, NI = 1, LI = 7, RES = 6.3e-14 (3.2e-09), CFL=1.101 (ELAPSED 00:00:00 )
-------------------------------------------------------------------------------------------------------------
	 #1 (4.2465e-05, 4.3738e-05): lin 6 (2.9e-12)
-------------------------------------------------------------------------------------------------------------
 T = 2.5105, DT = 0.02, NI = 1, LI = 6, RES = 6.0e-14 (3.1e-09), CFL=1.101 (ELAPSED 00:00:00 )
-------------------------------------------------------------------------------------------------------------
	 #1 (4.2465e-05, 4.3736e-05): lin 7 (8.7e-11) NC
-------------------------------------------------------------------------------------------------------------
 T = 2.5305, DT = 0.02, NI = 1, LI = 7, RES = 5.9e-14 (3.4e-09), CFL=1.101 (ELAPSED 00:00:00 )
-------------------------------------------------------------------------------------------------------------
	 #1 (4.2465e-05, 4.3738e-05): lin 6 (1.6e-12)
-------------------------------------------------------------------------------------------------------------
 T = 2.5505, DT = 0.02, NI = 1, LI = 6, RES = 6.8e-14 (3.0e-09), CFL=1.101 (ELAPSED 00:00:00 )
-------------------------------------------------------------------------------------------------------------
	 #1 (4.2465e-05, 4.3736e-05): lin 7 (8.7e-11) NC
-------------------------------------------------------------------------------------------------------------
 T = 2.5705, DT = 0.02, NI = 1, LI = 7, RES = 6.7e-14 (3.7e-09), CFL=1.101 (ELAPSED 00:00:00 )
-------------------------------------------------------------------------------------------------------------
	 #1 (4.2465e-05, 4.3739e-05): lin 7 (8.7e-11) NC
-------------------------------------------------------------------------------------------------------------
 T = 2.5905, DT = 0.02, NI = 1, LI = 7, RES = 6.3e-14 (3.0e-09), CFL=1.101 (ELAPSED 00:00:00 )
-------------------------------------------------------------------------------------------------------------
	 #1 (4.2465e-05, 4.3737e-05): lin 6 (1.6e-12)
-------------------------------------------------------------------------------------------------------------
 T = 2.6105, DT = 0.02, NI = 1, LI = 6, RES = 6.6e-14 (3.6e-09), CFL=1.101 (ELAPSED 00:00:00 )
-------------------------------------------------------------------------------------------------------------
	 #1 (4.2465e-05, 4.3735e-05): lin 7 (8.7e-11) NC
-------------------------------------------------------------------------------------------------------------
 T = 2.6305, DT = 0.02, NI = 1, LI = 7, RES = 5.5e-14 (3.1e-09), CFL=1.101 (ELAPSED 00:00:00 )
-------------------------------------------------------------------------------------------------------------
	 #1 (4.2465e-05, 4.3738e-05): lin 7 (8.7e-11) NC
-------------------------------------------------------------------------------------------------------------
 T = 2.6505, DT = 0.02, NI = 1, LI = 7, RES = 5.2e-14 (5.3e-08), CFL=1.101 (ELAPSED 00:00:00 )
-------------------------------------------------------------------------------------------------------------
	 #1 (4.2465e-05, 4.3735e-05): lin 6 (2.4e-11) NC
-------------------------------------------------------------------------------------------------------------
 T = 2.6705, DT = 0.02, NI = 1, LI = 6, RES = 6.0e-14 (3.3e-09), CFL=1.101 (ELAPSED 00:00:00 )
-------------------------------------------------------------------------------------------------------------
	 #1 (4.2465e-05, 4.3738e-05): lin 6 (6.1e-13)
-------------------------------------------------------------------------------------------------------------
 T = 2.6905, DT = 0.02, NI = 1, LI = 6, RES = 5.6e-14 (3.1e-09), CFL=1.101 (ELAPSED 00:00:00 )
-------------------------------------------------------------------------------------------------------------
	 #1 (4.2465e-05, 4.3736e-05): lin 7 (8.7e-11) NC
-------------------------------------------------------------------------------------------------------------
 T = 2.7105, DT = 0.02, NI = 1, LI = 7, RES = 5.8e-14 (3.6e-09), CFL=1.101 (ELAPSED 00:00:00 )
-------------------------------------------------------------------------------------------------------------
	 #1 (4.2465e-05, 4.3739e-05): lin 7 (8.7e-11) NC
-------------------------------------------------------------------------------------------------------------
 T = 2.7305, DT = 0.02, NI = 1, LI = 7, RES = 5.7e-14 (3.0e-09), CFL=1.101 (ELAPSED 00:00:00 )
-------------------------------------------------------------------------------------------------------------
	 #1 (4.2465e-05, 4.3737e-05): lin 7 (8.7e-11) NC
-------------------------------------------------------------------------------------------------------------
 T = 2.7505, DT = 0.02, NI = 1, LI = 7, RES = 5.4e-14 (3.8e-09), CFL=1.101 (ELAPSED 00:00:00 )
-------------------------------------------------------------------------------------------------------------
	 #1 (4.2465e-05, 4.3734e-05): lin 7 (8.7e-11) NC
-------------------------------------------------------------------------------------------------------------
 T = 2.7705, DT = 0.02, NI = 1, LI = 7, RES = 6.4e-14 (3.1e-09), CFL=1.101 (ELAPSED 00:00:00 )
-------------------------------------------------------------------------------------------------------------
	 #1 (4.2465e-05, 4.3737e-05): lin 7 (8.7e-11) NC
-------------------------------------------------------------------------------------------------------------
 T = 2.7905, DT = 0.02, NI = 1, LI = 7, RES = 5.2e-14 (3.5e-09), CFL=1.101 (ELAPSED 00:00:00 )
-------------------------------------------------------------------------------------------------------------
	 #1 (4.2465e-05, 4.3735e-05): lin 6 (4.9e-13)
-------------------------------------------------------------------------------------------------------------
 T = 2.8105, DT = 0.02, NI = 1, LI = 6, RES = 5.2e-14 (3.2e-09), CFL=1.101 (ELAPSED 00:00:00 )
-------------------------------------------------------------------------------------------------------------
	 #1 (4.2465e-05, 4.3738e-05): lin 7 (8.7e-11) NC
-------------------------------------------------------------------------------------------------------------
 T = 2.8305, DT = 0.02, NI = 1, LI = 7, RES = 5.5e-14 (3.3e-09), CFL=1.101 (ELAPSED 00:00:00 )
-------------------------------------------------------------------------------------------------------------
	 #1 (4.2465e-05, 4.3736e-05): lin 7 (8.7e-11) NC
-------------------------------------------------------------------------------------------------------------
 T = 2.8505, DT = 0.02, NI = 1, LI = 7, RES = 6.4e-14 (3.5e-09), CFL=1.101 (ELAPSED 00:00:00 )
-------------------------------------------------------------------------------------------------------------
	 #1 (4.2465e-05, 4.3738e-05): lin 7 (8.7e-11) NC
-------------------------------------------------------------------------------------------------------------
 T = 2.8705, DT = 0.02, NI = 1, LI = 7, RES = 5.7e-14 (3.1e-09), CFL=1.101 (ELAPSED 00:00:00 )
-------------------------------------------------------------------------------------------------------------
	 #1 (4.2465e-05, 4.3736e-05): lin 6 (1.1e-12)
-------------------------------------------------------------------------------------------------------------
 T = 2.8905, DT = 0.02, NI = 1, LI = 6, RES = 6.0e-14 (3.8e-09), CFL=1.101 (ELAPSED 00:00:00 )
-------------------------------------------------------------------------------------------------------------
	 #1 (4.2465e-05, 4.3739e-05): lin 6 (5.5e-13)
-------------------------------------------------------------------------------------------------------------
 T = 2.9105, DT = 0.02, NI = 1, LI = 6, RES = 6.8e-14 (3.1e-09), CFL=1.101 (ELAPSED 00:00:00 )
-------------------------------------------------------------------------------------------------------------
	 #1 (4.2465e-05, 4.3737e-05): lin 7 (8.7e-11) NC
-------------------------------------------------------------------------------------------------------------
 T = 2.9305, DT = 0.02, NI = 1, LI = 7, RES = 5.8e-14 (3.7e-09), CFL=1.101 (ELAPSED 00:00:00 )
-------------------------------------------------------------------------------------------------------------
	 #1 (4.2465e-05, 4.3735e-05): lin 7 (8.6e-11) NC
-------------------------------------------------------------------------------------------------------------
 T = 2.9505, DT = 0.02, NI = 1, LI = 7, RES = 5.2e-14 (3.2e-09), CFL=1.101 (ELAPSED 00:00:00 )
-------------------------------------------------------------------------------------------------------------
	 #1 (4.2465e-05, 4.3737e-05): lin 7 (8.6e-11) NC
-------------------------------------------------------------------------------------------------------------
 T = 2.9705, DT = 0.02, NI = 1, LI = 7, RES = 5.6e-14 (3.5e-09), CFL=1.101 (ELAPSED 00:00:00 )
-------------------------------------------------------------------------------------------------------------
	 #1 (4.2465e-05, 4.3735e-05): lin 6 (1.1e-12)
-------------------------------------------------------------------------------------------------------------
 T = 2.9905, DT = 0.02, NI = 1, LI = 6, RES = 5.8e-14 (3.4e-09), CFL=1.101 (ELAPSED 00:00:00 )
-------------------------------------------------------------------------------------------------------------
	 #1 (1.9607e-05, 2.0775e-05): lin 7 (7.1e-11) NC
-------------------------------------------------------------------------------------------------------------
 T = 3, DT = 0.00949966, NI = 1, LI = 7, RES = 2.5e-14 (3.3e-09), CFL=0.523 (ELAPSED 00:00:00 )
-------------------------------------------------------------------------------------------------------------
